[OK] Fetching active catalog from Supabase...
[OK] 1207 active rows.
[1/1207] Illini Summer Academies... running, 0 search(es) [SILENT: no search invoked], $0.0010 [changed]
[2/1207] Inspiring the Next Generation of Women in Physics... running, 0 search(es) [SILENT: no search invoked], $0.0011 [changed]
[3/1207] LSU Summer Scholars Program... running, 1 search(es), $0.0152 [changed]
[4/1207] “Blender” Camp... running, 0 search(es) [SILENT: no search invoked], $0.0010 [changed]
[5/1207] 1-Week Medical Academy... running, 0 search(es) [SILENT: no search invoked], $0.0013 [changed]
[6/1207] 3-Week Medical Academy... running, 0 search(es) [SILENT: no search invoked], $0.0013 [changed]
[7/1207] 4H-RU Program... running, 0 search(es) [SILENT: no search invoked], $0.0010 [changed]
[8/1207] Academic Connections... not_running, 0 search(es) [SILENT: no search invoked], $0.0009 [changed]
[9/1207] Academic Immersion... running, 0 search(es) [SILENT: no search invoked], $0.0010 [changed]
[10/1207] Academic Internship... running, 0 search(es) [SILENT: no search invoked], $0.0010 [changed]
[11/1207] Academic Summer Camps... running, 0 search(es) [SILENT: no search invoked], $0.0011 [changed]
[12/1207] Academy for Youth Success... running, 0 search(es) [SILENT: no search invoked], $0.0011 [changed]
[13/1207] Accelerated Learning Program (ALP)... running, 0 search(es) [SILENT: no search invoked], $0.0011 [changed]
[14/1207] ACE... running, 0 search(es) [SILENT: no search invoked], $0.0011 [changed]
[15/1207] Actuarial Science Camp... running, 0 search(es) [SILENT: no search invoked], $0.0009 [changed]
[16/1207] Advance Pre-College Program... running, 0 search(es) [SILENT: no search invoked], $0.0011 [changed]
[17/1207] Advanced Bacteriophage Therapy – An Alternative to Antibioti... running, 0 search(es) [SILENT: no search invoked], $0.0011 [changed]
[18/1207] Advanced Physics Summer Program... running, 0 search(es) [SILENT: no search invoked], $0.0012 [changed]
[19/1207] Advanced Science Ambassador Program... running, 1 search(es), $0.0149 [changed]
[20/1207] Aerospace Academy... running, 0 search(es) [SILENT: no search invoked], $0.0010 [changed]
[21/1207] AggieSTEM... running, 0 search(es) [SILENT: no search invoked], $0.0014 [changed]
[22/1207] AgTech Research Intern... running, 0 search(es) [SILENT: no search invoked], $0.0012 [changed]
[23/1207] AI-Scholars Pre-College... running, 0 search(es) [SILENT: no search invoked], $0.0011 [changed]
[24/1207] AI, Data & Ethics: Introduction to Public Interest Technolog... running, 0 search(es) [SILENT: no search invoked], $0.0015 [changed]
[25/1207] AI4ALL Internship... running, 0 search(es) [SILENT: no search invoked], $0.0013 [changed]
[26/1207] AIM Summer Program... running, 0 search(es) [SILENT: no search invoked], $0.0012 [changed]
[27/1207] AIME... running, 0 search(es) [SILENT: no search invoked], $0.0013 [changed]
[28/1207] AMC 10 & 12... running, 0 search(es) [SILENT: no search invoked], $0.0013 [changed]
[29/1207] American Computer Science League... running, 0 search(es) [SILENT: no search invoked], $0.0012 [changed]
[30/1207] American Legion Camp... running, 0 search(es) [SILENT: no search invoked], $0.0012 [changed]
[31/1207] American Politics Academy... running, 0 search(es) [SILENT: no search invoked], $0.0013 [changed]
[32/1207] American Regions Mathematics League... running, 0 search(es) [SILENT: no search invoked], $0.0010 [changed]
[33/1207] American Rocketry Challenge... running, 0 search(es) [SILENT: no search invoked], $0.0012 [changed]
[34/1207] AMRI Research Program... running, 1 search(es), $0.0151 [changed]
[35/1207] Anime/Manga Session... not_running, 0 search(es) [SILENT: no search invoked], $0.0010 [changed]
[36/1207] Ann Arbor Entrepreneurship... running, 0 search(es) [SILENT: no search invoked], $0.0012 [changed]
[37/1207] Annenberg Youth Academy... running, 0 search(es) [SILENT: no search invoked], $0.0011 [changed]
[38/1207] Annual Art Competition on Weather... running, 0 search(es) [SILENT: no search invoked], $0.0011 [changed]
[39/1207] Annual Challenge... running, 0 search(es) [SILENT: no search invoked], $0.0011 [changed]
[40/1207] Anson L. Clark Scholars Program... running, 0 search(es) [SILENT: no search invoked], $0.0012 [changed]
[41/1207] Antimicrobial Drug Discovery... running, 0 search(es) [SILENT: no search invoked], $0.0012 [changed]
[42/1207] Applied Research In Science and Engineering... running, 0 search(es) [SILENT: no search invoked], $0.0012 [changed]
[43/1207] Apprenticeship Program... running, 0 search(es) [SILENT: no search invoked], $0.0012 [changed]
[44/1207] Apprenticeship Program... running, 0 search(es) [SILENT: no search invoked], $0.0012 [changed]
[45/1207] Apprenticeships in Science & Engineering... running, 0 search(es) [SILENT: no search invoked], $0.0011 [changed]
[46/1207] Architecture Pre-College... running, 0 search(es) [SILENT: no search invoked], $0.0014 [changed]
[47/1207] Architecture Summer Immersion... running, 0 search(es) [SILENT: no search invoked], $0.0013 [changed]
[48/1207] ArcStart... running, 0 search(es) [SILENT: no search invoked], $0.0011 [changed]
[49/1207] ARISE UWCCC Summer High School Cancer Research... running, 0 search(es) [SILENT: no search invoked], $0.0011 [changed]
[50/1207] Arizona Cancer Center... running, 0 search(es) [SILENT: no search invoked], $0.0011 [changed]
[51/1207] Arizona State University... running, 0 search(es) [SILENT: no search invoked], $0.0011 [changed]
[52/1207] Arizona State University... running, 0 search(es) [SILENT: no search invoked], $0.0011 [changed]
[53/1207] Arizona State University... running, 0 search(es) [SILENT: no search invoked], $0.0012 [changed]
[54/1207] Art & Design Pre-College... running, 0 search(es) [SILENT: no search invoked], $0.0014 [changed]
[55/1207] Art Camp... running, 0 search(es) [SILENT: no search invoked], $0.0010 [changed]
[56/1207] Art Camp: Methods of Making... running, 0 search(es) [SILENT: no search invoked], $0.0013 [changed]
[57/1207] Art Museum Summer Academy... running, 0 search(es) [SILENT: no search invoked], $0.0011 [changed]
[58/1207] Art Pre-College... running, 0 search(es) [SILENT: no search invoked], $0.0012 [changed]
[59/1207] Artificial Intelligence Academy... running, 0 search(es) [SILENT: no search invoked], $0.0011 [changed]
[60/1207] Artificial Intelligence Bootcamp... running, 0 search(es) [SILENT: no search invoked], $0.0012 [changed]
[61/1207] Artificial Intelligence Bootcamp... running, 0 search(es) [SILENT: no search invoked], $0.0014 [changed]
[62/1207] Artificial Intelligence Internship... running, 0 search(es) [SILENT: no search invoked], $0.0012 [changed]
[63/1207] ASP Summer... running, 0 search(es) [SILENT: no search invoked], $0.0014 [changed]
[64/1207] ASPIRE... running, 0 search(es) [SILENT: no search invoked], $0.0012 [changed]
[65/1207] ASPIRE Scholars Program... running, 0 search(es) [SILENT: no search invoked], $0.0009 [changed]
[66/1207] Aspiring Scholars Directed Research Program... running, 0 search(es) [SILENT: no search invoked], $0.0012 [changed]
[67/1207] Aspirnaut Summer Research... running, 0 search(es) [SILENT: no search invoked], $0.0013 [changed]
[68/1207] ASSIP Program... running, 0 search(es) [SILENT: no search invoked], $0.0011 [changed]
[69/1207] ASU... not_running, 0 search(es) [SILENT: no search invoked], $0.0010 [changed]
[70/1207] ASU... running, 0 search(es) [SILENT: no search invoked], $0.0011 [changed]
[71/1207] ASU... running, 0 search(es) [SILENT: no search invoked], $0.0009 [changed]
[72/1207] Athena Summer Innovation Institute... running, 0 search(es) [SILENT: no search invoked], $0.0012 [changed]
[73/1207] Auburn University... running, 0 search(es) [SILENT: no search invoked], $0.0011 [changed]
[74/1207] Badger Precollege... running, 0 search(es) [SILENT: no search invoked], $0.0012 [changed]
[75/1207] Badger Summer Scholars... running, 0 search(es) [SILENT: no search invoked], $0.0012 [changed]
[76/1207] Bay Area Entrepreneurship... running, 0 search(es) [SILENT: no search invoked], $0.0016 [changed]
[77/1207] Beaverworks... running, 0 search(es) [SILENT: no search invoked], $0.0013 [changed]
[78/1207] Begin Your Medical Research Journey... running, 0 search(es) [SILENT: no search invoked], $0.0012 [changed]
[79/1207] Belin-Blank Research Center... running, 0 search(es) [SILENT: no search invoked], $0.0011 [changed]
[80/1207] Bentley University... running, 0 search(es) [SILENT: no search invoked], $0.0011 [changed]
[81/1207] Bentley University... running, 0 search(es) [SILENT: no search invoked], $0.0011 [changed]
[82/1207] Bentley University... running, 0 search(es) [SILENT: no search invoked], $0.0010 [changed]
[83/1207] Bentley University... running, 0 search(es) [SILENT: no search invoked], $0.0011 [changed]
[84/1207] Berkeley Math Tournament... running, 0 search(es) [SILENT: no search invoked], $0.0013 [changed]
[85/1207] BFS Internship... running, 0 search(es) [SILENT: no search invoked], $0.0011 [changed]
[86/1207] Big Idea Competition... running, 0 search(es) [SILENT: no search invoked], $0.0012 [changed]
[87/1207] Big Red Camps... running, 0 search(es) [SILENT: no search invoked], $0.0013 [changed]
[88/1207] Big Sky Leadership Forum... running, 0 search(es) [SILENT: no search invoked], $0.0010 [changed]
[89/1207] Bioengineering Research... running, 0 search(es) [SILENT: no search invoked], $0.0012 [changed]
[90/1207] Biomechanics at UNO... running, 0 search(es) [SILENT: no search invoked], $0.0011 [changed]
[91/1207] Biomedical Engineering Innovation... running, 0 search(es) [SILENT: no search invoked], $0.0014 [changed]
[92/1207] Biomedical Research Internship... not_running, 0 search(es) [SILENT: no search invoked], $0.0010 [changed]
[93/1207] Biomedical Research Lectures... running, 0 search(es) [SILENT: no search invoked], $0.0011 [changed]
[94/1207] Biophysics Research... running, 0 search(es) [SILENT: no search invoked], $0.0011 [changed]
[95/1207] Biotech Academy... running, 0 search(es) [SILENT: no search invoked], $0.0009 [changed]
[96/1207] Biotech Summer Camp... not_running, 0 search(es) [SILENT: no search invoked], $0.0009 [changed]
[97/1207] Biotechnology for Science & Health Academy... running, 0 search(es) [SILENT: no search invoked], $0.0012 [changed]
[98/1207] Biotechnology Intern... running, 0 search(es) [SILENT: no search invoked], $0.0012 [changed]
[99/1207] Biotechnology Lab Techniques... running, 0 search(es) [SILENT: no search invoked], $0.0010 [changed]
[100/1207] Biotechnology Sequencing (BTS) Camp... running, 0 search(es) [SILENT: no search invoked], $0.0011 [changed]
[101/1207] Blum Center at UCI... running, 0 search(es) [SILENT: no search invoked], $0.0011 [changed]
[102/1207] Botball Scholarship Competition... running, 0 search(es) [SILENT: no search invoked], $0.0011 [changed]
[103/1207] Bound Summer Program... running, 0 search(es) [SILENT: no search invoked], $0.0011 [changed]
[104/1207] Bowdoin College... running, 0 search(es) [SILENT: no search invoked], $0.0012 [changed]
[105/1207] BrainYac... running, 0 search(es) [SILENT: no search invoked], $0.0011 [changed]
[106/1207] Branding & Marketing Program... running, 0 search(es) [SILENT: no search invoked], $0.0012 [changed]
[107/1207] Bridge Building Contest... running, 0 search(es) [SILENT: no search invoked], $0.0012 [changed]
[108/1207] Bridge Undergraduate Science Jr. Program... running, 0 search(es) [SILENT: no search invoked], $0.0014 [changed]
[109/1207] Bridges to Social Justice Academy... running, 0 search(es) [SILENT: no search invoked], $0.0013 [changed]
[110/1207] Brown University... running, 0 search(es) [SILENT: no search invoked], $0.0011 [changed]
[111/1207] Brown University... running, 0 search(es) [SILENT: no search invoked], $0.0011 [changed]
[112/1207] Bruin Ascent Summer Experience (BASE)... running, 0 search(es) [SILENT: no search invoked], $0.0011 [changed]
[113/1207] Buffalo Zoo... running, 0 search(es) [SILENT: no search invoked], $0.0011 [changed]
[114/1207] Bug Camp... running, 0 search(es) [SILENT: no search invoked], $0.0014 [changed]
[115/1207] Building Leadership Strategies Summer Academy... running, 0 search(es) [SILENT: no search invoked], $0.0012 [changed]
[116/1207] Business & Marketing Internship... running, 0 search(es) [SILENT: no search invoked], $0.0011 [changed]
[117/1207] Business Academy... running, 0 search(es) [SILENT: no search invoked], $0.0012 [changed]
[118/1207] Business and Technology Programs... running, 0 search(es) [SILENT: no search invoked], $0.0012 [changed]
[119/1207] Business Basics... running, 0 search(es) [SILENT: no search invoked], $0.0011 [changed]
[120/1207] Business Competition... running, 0 search(es) [SILENT: no search invoked], $0.0015 [changed]
[121/1207] Business Immersion... running, 0 search(es) [SILENT: no search invoked], $0.0014 [changed]
[122/1207] Business Opportunities Summer Session... running, 0 search(es) [SILENT: no search invoked], $0.0012 [changed]
[123/1207] Business Research... running, 0 search(es) [SILENT: no search invoked], $0.0013 [changed]
[124/1207] Business Summer Institutes... not_running, 0 search(es) [SILENT: no search invoked], $0.0009 [changed]
[125/1207] CAALS3D... unknown, 0 search(es) [SILENT: no search invoked], $0.0009 [changed]
[126/1207] California State University Sacramento (CSUS)... running, 0 search(es) [SILENT: no search invoked], $0.0010 [changed]
[127/1207] CAMINOS: Your Journey to College... not_running, 0 search(es) [SILENT: no search invoked], $0.0009 [changed]
[128/1207] Camp Arch... running, 0 search(es) [SILENT: no search invoked], $0.0011 [changed]
[129/1207] Camp Shule... running, 1 search(es), $0.0150 [changed]
[130/1207] Cancer Center... running, 0 search(es) [SILENT: no search invoked], $0.0010 [changed]
[131/1207] Cancer Epidemiology and Genetics Internship... running, 0 search(es) [SILENT: no search invoked], $0.0011 [changed]
[132/1207] Captured in Clay... running, 0 search(es) [SILENT: no search invoked], $0.0013 [changed]
[133/1207] Cardiothoracic Surgical Skills... running, 0 search(es) [SILENT: no search invoked], $0.0011 [changed]
[134/1207] Carver Summer Research Internship... running, 0 search(es) [SILENT: no search invoked], $0.0014 [changed]
[135/1207] Case Western Reserve University... running, 0 search(es) [SILENT: no search invoked], $0.0010 [changed]
[136/1207] CATALYST Academy... running, 0 search(es) [SILENT: no search invoked], $0.0012 [changed]
[137/1207] CBI... running, 0 search(es) [SILENT: no search invoked], $0.0010 [changed]
[138/1207] CCRI - Climate Change... running, 0 search(es) [SILENT: no search invoked], $0.0012 [changed]
[139/1207] CCRI - Climate Change... running, 0 search(es) [SILENT: no search invoked], $0.0010 [changed]
[140/1207] CCRI - Land... running, 0 search(es) [SILENT: no search invoked], $0.0011 [changed]
[141/1207] CCRI - Snow... running, 0 search(es) [SILENT: no search invoked], $0.0011 [changed]
[142/1207] CCRI - Urban... running, 0 search(es) [SILENT: no search invoked], $0.0011 [changed]
[143/1207] CEAT - Automation and Robotics Discovery... running, 0 search(es) [SILENT: no search invoked], $0.0010 [changed]
[144/1207] CED Build Camp... not_running, 0 search(es) [SILENT: no search invoked], $0.0010 [changed]
[145/1207] CED emBARC Academy... running, 0 search(es) [SILENT: no search invoked], $0.0012 [changed]
[146/1207] CED Summer Institute... running, 0 search(es) [SILENT: no search invoked], $0.0011 [changed]
[147/1207] Cellular Construction Workshop... not_running, 0 search(es) [SILENT: no search invoked], $0.0010 [changed]
[148/1207] Center for English Language and Orientation Programs... running, 0 search(es) [SILENT: no search invoked], $0.0011 [changed]
[149/1207] Center for Neurotechnology... not_running, 0 search(es) [SILENT: no search invoked], $0.0010 [changed]
[150/1207] Challenging Academically Talented Students... running, 0 search(es) [SILENT: no search invoked], $0.0010 [changed]
[151/1207] Changemakers Pre-College... running, 0 search(es) [SILENT: no search invoked], $0.0012 [changed]
[152/1207] ChemiCo... running, 0 search(es) [SILENT: no search invoked], $0.0010 [changed]
[153/1207] China Emerging Leaders... running, 0 search(es) [SILENT: no search invoked], $0.0012 [changed]
[154/1207] China Scholars Program... running, 0 search(es) [SILENT: no search invoked], $0.0012 [changed]
[155/1207] Choir Camp... running, 0 search(es) [SILENT: no search invoked], $0.0013 [changed]
[156/1207] CISESS... unknown, 0 search(es) [SILENT: no search invoked], $0.0012 [changed]
[157/1207] Citizen Entrepreneurship Competition... running, 0 search(es) [SILENT: no search invoked], $0.0012 [changed]
[158/1207] Citizens Thinkers Writers... running, 0 search(es) [SILENT: no search invoked], $0.0012 [changed]
[159/1207] City of Albany... running, 2 search(es), $0.0293 [changed]
[160/1207] City of Rochester... running, 0 search(es) [SILENT: no search invoked], $0.0011 [changed]
[161/1207] CityLab Biotechnology SummerLab... running, 0 search(es) [SILENT: no search invoked], $0.0010 [changed]
[162/1207] Civic Engagement Leadership Academy... not_running, 0 search(es) [SILENT: no search invoked], $0.0009 [changed]
[163/1207] Civic Leadership Institute... running, 1 search(es), $0.0152 [changed]
[164/1207] Clarkson University... running, 0 search(es) [SILENT: no search invoked], $0.0012 [changed]
[165/1207] Climate Science at UNL... running, 0 search(es) [SILENT: no search invoked], $0.0012 [changed]
[166/1207] Clinical Anatomy... running, 0 search(es) [SILENT: no search invoked], $0.0012 [changed]
[167/1207] Clinical Summer Internship... running, 2 search(es), $0.0292 [changed]
[168/1207] Clinical Summer Internship... running, 0 search(es) [SILENT: no search invoked], $0.0011 [changed]
[169/1207] CLIP Leadership & Innovation... [ERROR] HTTP 503
[170/1207] CMIMC Math Competition... running, 0 search(es) [SILENT: no search invoked], $0.0012 [changed]
[171/1207] CMM Math Tournament... running, 0 search(es) [SILENT: no search invoked], $0.0011 [changed]
[172/1207] Coding and Robotics Intern... running, 0 search(es) [SILENT: no search invoked], $0.0012 [changed]
[173/1207] Coding for Game Design... running, 0 search(es) [SILENT: no search invoked], $0.0014 [changed]
[174/1207] Coding for Game Design... running, 0 search(es) [SILENT: no search invoked], $0.0016 [changed]
[175/1207] Coding Program... running, 0 search(es) [SILENT: no search invoked], $0.0011 [changed]
[176/1207] Colgate University... running, 0 search(es) [SILENT: no search invoked], $0.0009 [changed]
[177/1207] College Access Leadership Institute... running, 0 search(es) [SILENT: no search invoked], $0.0012 [changed]
[178/1207] College Bridge... running, 0 search(es) [SILENT: no search invoked], $0.0010 [changed]
[179/1207] College Bridge... running, 0 search(es) [SILENT: no search invoked], $0.0010 [changed]
[180/1207] College Edge: Summer... running, 0 search(es) [SILENT: no search invoked], $0.0011 [changed]
[181/1207] College of Design Pre-College... running, 0 search(es) [SILENT: no search invoked], $0.0013 [changed]
[182/1207] College Prep Program... running, 0 search(es) [SILENT: no search invoked], $0.0010 [changed]
[183/1207] College Prep Program... running, 0 search(es) [SILENT: no search invoked], $0.0012 [changed]
[184/1207] College Summer Studies... running, 0 search(es) [SILENT: no search invoked], $0.0012 [changed]
[185/1207] College-Bound STEM Academy... running, 0 search(es) [SILENT: no search invoked], $0.0011 [changed]
[186/1207] Collegiate Seminar Program... running, 0 search(es) [SILENT: no search invoked], $0.0011 [changed]
[187/1207] Colorado School of Mines... running, 0 search(es) [SILENT: no search invoked], $0.0012 [changed]
[188/1207] Columbia... running, 0 search(es) [SILENT: no search invoked], $0.0012 [changed]
[189/1207] Columbia Writing Academy: Summer... running, 0 search(es) [SILENT: no search invoked], $0.0012 [changed]
[190/1207] Communications Intern... running, 0 search(es) [SILENT: no search invoked], $0.0012 [changed]
[191/1207] Computational Biology Pre-College... running, 0 search(es) [SILENT: no search invoked], $0.0012 [changed]
[192/1207] Computational Biology Research... running, 2 search(es), $0.0291 [changed]
[193/1207] Computer & Data Science Camp... not_running, 1 search(es), $0.0150 [changed]
[194/1207] Computer Engineering for Good... running, 0 search(es) [SILENT: no search invoked], $0.0012 [changed]
[195/1207] Computer Science and Informatics... running, 0 search(es) [SILENT: no search invoked], $0.0011 [changed]
[196/1207] Computer Science for Cyber Security... running, 0 search(es) [SILENT: no search invoked], $0.0011 [changed]
[197/1207] Computer Science Summer Academics... running, 0 search(es) [SILENT: no search invoked], $0.0013 [changed]
[198/1207] Computing Program... running, 0 search(es) [SILENT: no search invoked], $0.0013 [changed]
[199/1207] Congressional App Challenge... running, 0 search(es) [SILENT: no search invoked], $0.0012 [changed]
[200/1207] Congressional Art Competition... running, 0 search(es) [SILENT: no search invoked], $0.0011 [changed]
[201/1207] Conrad Challenge... running, 0 search(es) [SILENT: no search invoked], $0.0011 [changed]
[202/1207] Consider Engineering Summer Camp... running, 0 search(es) [SILENT: no search invoked], $0.0010 [changed]
[203/1207] Cooper Union... running, 0 search(es) [SILENT: no search invoked], $0.0011 [changed]
[204/1207] Cooper Union... running, 0 search(es) [SILENT: no search invoked], $0.0011 [changed]
[205/1207] Cooper Union... not_running, 0 search(es) [SILENT: no search invoked], $0.0009 [changed]
[206/1207] Cornell University... running, 0 search(es) [SILENT: no search invoked], $0.0012 [changed]
[207/1207] CreateTech Camp... running, 0 search(es) [SILENT: no search invoked], $0.0012 [changed]
[208/1207] Creative Writing Academy... running, 0 search(es) [SILENT: no search invoked], $0.0012 [changed]
[209/1207] Creative Writing Program... running, 0 search(es) [SILENT: no search invoked], $0.0011 [changed]
[210/1207] CReSIS... running, 0 search(es) [SILENT: no search invoked], $0.0011 [changed]
[211/1207] CS Scholars Pre-College... running, 0 search(es) [SILENT: no search invoked], $0.0013 [changed]
[212/1207] CSU... running, 0 search(es) [SILENT: no search invoked], $0.0012 [changed]
[213/1207] CU Boulder... running, 0 search(es) [SILENT: no search invoked], $0.0011 [changed]
[214/1207] CURE - Summer Only... running, 0 search(es) [SILENT: no search invoked], $0.0011 [changed]
[215/1207] CURIE Academy... running, 0 search(es) [SILENT: no search invoked], $0.0011 [changed]
[216/1207] Cyber Camp... running, 0 search(es) [SILENT: no search invoked], $0.0010 [changed]
[217/1207] Cyber Patriot Competition... running, 0 search(es) [SILENT: no search invoked], $0.0012 [changed]
[218/1207] Davidson College... running, 0 search(es) [SILENT: no search invoked], $0.0009 [changed]
[219/1207] DaVinci Summer Camp... running, 0 search(es) [SILENT: no search invoked], $0.0012 [changed]
[220/1207] Debate and Public Speaking Intensive... running, 0 search(es) [SILENT: no search invoked], $0.0011 [changed]
[221/1207] Della Pietra HS Program... unknown, 0 search(es) [SILENT: no search invoked], $0.0009 [changed]
[222/1207] Democracy Scholars... running, 0 search(es) [SILENT: no search invoked], $0.0013 [changed]
[223/1207] Dentistry Saturday Academy... running, 1 search(es), $0.0151 [changed]
[224/1207] Design Discovery Program... running, 0 search(es) [SILENT: no search invoked], $0.0011 [changed]
[225/1207] Design Lab Program... running, 0 search(es) [SILENT: no search invoked], $0.0010 [changed]
[226/1207] Design Media Arts... running, 0 search(es) [SILENT: no search invoked], $0.0012 [changed]
[227/1207] Design Pre-College... running, 0 search(es) [SILENT: no search invoked], $0.0011 [changed]
[228/1207] Design, Invent & Innovate... running, 0 search(es) [SILENT: no search invoked], $0.0012 [changed]
[229/1207] Destination Imagination Challenge... running, 0 search(es) [SILENT: no search invoked], $0.0012 [changed]
[230/1207] DHC Program... running, 0 search(es) [SILENT: no search invoked], $0.0012 [changed]
[231/1207] Digital Marketing Academy... running, 0 search(es) [SILENT: no search invoked], $0.0011 [changed]
[232/1207] Discover Accounting... running, 0 search(es) [SILENT: no search invoked], $0.0011 [changed]
[233/1207] Discover Actuarial Science... running, 0 search(es) [SILENT: no search invoked], $0.0010 [changed]
[234/1207] Discover Architecture... running, 0 search(es) [SILENT: no search invoked], $0.0010 [changed]
[235/1207] Discover Architecture... running, 0 search(es) [SILENT: no search invoked], $0.0011 [changed]
[236/1207] Discover Biomedical Research Summer Program... running, 0 search(es) [SILENT: no search invoked], $0.0010 [changed]
[237/1207] Discover How the Systems of the Body Work Together... running, 0 search(es) [SILENT: no search invoked], $0.0011 [changed]
[238/1207] Discover Nursing and Its Vital Role in Healthcare... running, 0 search(es) [SILENT: no search invoked], $0.0011 [changed]
[239/1207] Discover the Exciting World of Surgery... running, 0 search(es) [SILENT: no search invoked], $0.0013 [changed]
[240/1207] Discover the Fast-Paced World of Journalism... running, 0 search(es) [SILENT: no search invoked], $0.0012 [changed]
[241/1207] Discovering Engineering... running, 0 search(es) [SILENT: no search invoked], $0.0012 [changed]
[242/1207] Discovery Program... running, 0 search(es) [SILENT: no search invoked], $0.0010 [changed]
[243/1207] Discovery to Cure Program... running, 0 search(es) [SILENT: no search invoked], $0.0010 [changed]
[244/1207] Doodle Competition... [ERROR] HTTP 503
[245/1207] Double Discovery Center... running, 0 search(es) [SILENT: no search invoked], $0.0010 [changed]
[246/1207] Drama Pre-College... running, 0 search(es) [SILENT: no search invoked], $0.0011 [changed]
[247/1207] DREAMBIG Academy... running, 0 search(es) [SILENT: no search invoked], $0.0010 [changed]
[248/1207] Drexel University... running, 0 search(es) [SILENT: no search invoked], $0.0010 [changed]
[249/1207] DSAP Program... running, 0 search(es) [SILENT: no search invoked], $0.0011 [changed]
[250/1207] Duke Math Meet... running, 0 search(es) [SILENT: no search invoked], $0.0012 [changed]
[251/1207] Duke University... running, 0 search(es) [SILENT: no search invoked], $0.0011 [changed]
[252/1207] Dune Neuroscience Experience... running, 0 search(es) [SILENT: no search invoked], $0.0012 [changed]
[253/1207] EAOP... running, 0 search(es) [SILENT: no search invoked], $0.0010 [changed]
[254/1207] Early College Credit Program... running, 0 search(es) [SILENT: no search invoked], $0.0012 [changed]
[255/1207] Earth & Mineral Science Exposition... running, 1 search(es), $0.0153 [changed]
[256/1207] Earthquake Program... running, 0 search(es) [SILENT: no search invoked], $0.0011 [changed]
[257/1207] Eco-Marathon Competition... running, 0 search(es) [SILENT: no search invoked], $0.0011 [changed]
[258/1207] Economics Policy Academy... running, 0 search(es) [SILENT: no search invoked], $0.0012 [changed]
[259/1207] Ellen Brenner Internship... running, 0 search(es) [SILENT: no search invoked], $0.0013 [changed]
[260/1207] Emergent Quantum Materials and Technologies... running, 0 search(es) [SILENT: no search invoked], $0.0010 [changed]
[261/1207] Emerging Rural Leaders I... running, 0 search(es) [SILENT: no search invoked], $0.0011 [changed]
[262/1207] Emerging Rural Leaders II... running, 0 search(es) [SILENT: no search invoked], $0.0011 [changed]
[263/1207] Emerging Scholars Academy... not_running, 0 search(es) [SILENT: no search invoked], $0.0009 [changed]
[264/1207] Emerging World Leaders... running, 0 search(es) [SILENT: no search invoked], $0.0011 [changed]
[265/1207] Finance Camp... running, 0 search(es) [SILENT: no search invoked], $0.0012 [changed]
[266/1207] Emory & Henry College... running, 0 search(es) [SILENT: no search invoked], $0.0010 [changed]
[267/1207] Engineering & CS Camp... running, 0 search(es) [SILENT: no search invoked], $0.0010 [changed]
[268/1207] Engineering Camp... running, 0 search(es) [SILENT: no search invoked], $0.0010 [changed]
[269/1207] Engineering Design Summer Institute... running, 0 search(es) [SILENT: no search invoked], $0.0012 [changed]
[270/1207] Engineering Discovery for Girls... running, 0 search(es) [SILENT: no search invoked], $0.0010 [changed]
[271/1207] Engineering Possibilities in College... running, 0 search(es) [SILENT: no search invoked], $0.0012 [changed]
[272/1207] Engineering Program... running, 0 search(es) [SILENT: no search invoked], $0.0010 [changed]
[273/1207] Engineering Summer Academy... running, 0 search(es) [SILENT: no search invoked], $0.0014 [changed]
[274/1207] Engineering Summer Camp... running, 0 search(es) [SILENT: no search invoked], $0.0011 [changed]
[275/1207] Engineering Virtual Summer Program... not_running, 2 search(es), $0.0293 [changed]
[276/1207] Engineering, Math and Science Camp... not_running, 0 search(es) [SILENT: no search invoked], $0.0010 [changed]
[277/1207] ENLACE Summer Research... running, 0 search(es) [SILENT: no search invoked], $0.0012 [changed]
[278/1207] Entrepreneurship Academy... running, 0 search(es) [SILENT: no search invoked], $0.0014 [changed]
[279/1207] Entrepreneurship Challenge... running, 0 search(es) [SILENT: no search invoked], $0.0010 [changed]
[280/1207] Entrepreneurship Competition... running, 0 search(es) [SILENT: no search invoked], $0.0011 [changed]
[281/1207] Entrepreneurship Competition... running, 0 search(es) [SILENT: no search invoked], $0.0012 [changed]
[282/1207] Environmental Sciences Programs... running, 0 search(es) [SILENT: no search invoked], $0.0012 [changed]
[283/1207] EnvironMentors... running, 0 search(es) [SILENT: no search invoked], $0.0011 [changed]
[284/1207] Essentials of Leadership... running, 0 search(es) [SILENT: no search invoked], $0.0012 [changed]
[285/1207] ESTEEM/SER-Quest Summer Program... running, 0 search(es) [SILENT: no search invoked], $0.0010 [changed]
[286/1207] Evolution through Culture Camp... running, 0 search(es) [SILENT: no search invoked], $0.0012 [changed]
[287/1207] Ewgis Program... running, 0 search(es) [SILENT: no search invoked], $0.0010 [changed]
[288/1207] Experience in Research... running, 0 search(es) [SILENT: no search invoked], $0.0012 [changed]
[289/1207] Explorations in Biology... running, 0 search(es) [SILENT: no search invoked], $0.0011 [changed]
[290/1207] Explore Cyber Threats and Security... running, 0 search(es) [SILENT: no search invoked], $0.0010 [changed]
[291/1207] Exploring Frontiers... running, 0 search(es) [SILENT: no search invoked], $0.0013 [changed]
[292/1207] Extended Studies... running, 0 search(es) [SILENT: no search invoked], $0.0010 [changed]
[293/1207] FAA Summer Intensive... running, 0 search(es) [SILENT: no search invoked], $0.0011 [changed]
[294/1207] Fab Lab: 3D Printing... running, 0 search(es) [SILENT: no search invoked], $0.0011 [changed]
[295/1207] Fall STEM Camp... unknown, 0 search(es) [SILENT: no search invoked], $0.0009 [changed]
[296/1207] Fashion Technology Summer Program... running, 0 search(es) [SILENT: no search invoked], $0.0009 [changed]
[297/1207] FAU... running, 0 search(es) [SILENT: no search invoked], $0.0011 [changed]
[298/1207] Fellows Scholarship Competition... running, 0 search(es) [SILENT: no search invoked], $0.0011 [changed]
[299/1207] Fellowship Program... running, 0 search(es) [SILENT: no search invoked], $0.0010 [changed]
[300/1207] Filmmakers Workshop... running, 0 search(es) [SILENT: no search invoked], $0.0011 [changed]
[301/1207] FinDS Summer Program... running, 0 search(es) [SILENT: no search invoked], $0.0010 [changed]
[302/1207] Fire Protection Discovery Program... running, 0 search(es) [SILENT: no search invoked], $0.0010 [changed]
[303/1207] FIU... running, 0 search(es) [SILENT: no search invoked], $0.0011 [changed]
[304/1207] FIU... running, 0 search(es) [SILENT: no search invoked], $0.0011 [changed]
[305/1207] Florida International University... not_running, 0 search(es) [SILENT: no search invoked], $0.0012 [changed]
[306/1207] Food Science Camp... running, 0 search(es) [SILENT: no search invoked], $0.0010 [changed]
[307/1207] Fordham University... running, 0 search(es) [SILENT: no search invoked], $0.0013 [changed]
[308/1207] Fordham University... running, 0 search(es) [SILENT: no search invoked], $0.0010 [changed]
[309/1207] Fordham University... running, 0 search(es) [SILENT: no search invoked], $0.0015 [changed]
[310/1207] Foreign Policy Academy... running, 0 search(es) [SILENT: no search invoked], $0.0011 [changed]
[311/1207] Forensic Science Academy... running, 0 search(es) [SILENT: no search invoked], $0.0011 [changed]
[312/1207] Forensic Science Camp... running, 0 search(es) [SILENT: no search invoked], $0.0010 [changed]
[313/1207] Forensic Science Camp... running, 0 search(es) [SILENT: no search invoked], $0.0011 [changed]
[314/1207] Forensics Exploration... running, 0 search(es) [SILENT: no search invoked], $0.0016 [changed]
[315/1207] Forensics Investigators... running, 1 search(es), $0.0150 [changed]
[316/1207] Foundations of Psychological Research... running, 0 search(es) [SILENT: no search invoked], $0.0012 [changed]
[317/1207] FPE Summer Camp... running, 0 search(es) [SILENT: no search invoked], $0.0011 [changed]
[318/1207] FtRi Research... running, 0 search(es) [SILENT: no search invoked], $0.0010 [changed]
[319/1207] Future Generations of Women Leaders... not_running, 0 search(es) [SILENT: no search invoked], $0.0009 [changed]
[320/1207] Future Leaders Program... running, 0 search(es) [SILENT: no search invoked], $0.0011 [changed]
[321/1207] Future Leaders Program... running, 0 search(es) [SILENT: no search invoked], $0.0011 [changed]
[322/1207] Future Scholars... running, 0 search(es) [SILENT: no search invoked], $0.0011 [changed]
[323/1207] Gear Up... running, 2 search(es), $0.0290 [changed]
[324/1207] GEMS... running, 0 search(es) [SILENT: no search invoked], $0.0011 [changed]
[325/1207] GenCyber Summer Camp... not_running, 0 search(es) [SILENT: no search invoked], $0.0010 [changed]
[326/1207] GENIUS Olympiad... running, 0 search(es) [SILENT: no search invoked], $0.0012 [changed]
[327/1207] Genomics Research... running, 0 search(es) [SILENT: no search invoked], $0.0012 [changed]
[328/1207] GEnYuS... running, 0 search(es) [SILENT: no search invoked], $0.0013 [changed]
[329/1207] Georgetown University... running, 0 search(es) [SILENT: no search invoked], $0.0013 [changed]
[330/1207] Georgia Institute of Technology... running, 0 search(es) [SILENT: no search invoked], $0.0011 [changed]
[331/1207] Georgia State... running, 0 search(es) [SILENT: no search invoked], $0.0011 [changed]
[332/1207] Georgia Tech... [ERROR] HTTP 503
[333/1207] Georgia Tech... running, 0 search(es) [SILENT: no search invoked], $0.0010 [changed]
[334/1207] Gerard K. O’Neill Space Settlement Contest... running, 0 search(es) [SILENT: no search invoked], $0.0012 [changed]
[335/1207] Girls in Math... running, 0 search(es) [SILENT: no search invoked], $0.0012 [changed]
[336/1207] Girls Talk Math Camp... running, 0 search(es) [SILENT: no search invoked], $0.0011 [changed]
[337/1207] GIS Challenge... running, 0 search(es) [SILENT: no search invoked], $0.0011 [changed]
[338/1207] Global Youth Entrepreneurship Challenge... running, 0 search(es) [SILENT: no search invoked], $0.0012 [changed]
[339/1207] Global Youth Program... running, 1 search(es), $0.0155 [changed]
[340/1207] Google CS Summer Institute... not_running, 0 search(es) [SILENT: no search invoked], $0.0010 [changed]
[341/1207] GSTEM... running, 0 search(es) [SILENT: no search invoked], $0.0011 [changed]
[342/1207] GSTEM Online Data Science... running, 0 search(es) [SILENT: no search invoked], $0.0011 [changed]
[343/1207] GSU... running, 0 search(es) [SILENT: no search invoked], $0.0012 [changed]
[344/1207] GU... running, 0 search(es) [SILENT: no search invoked], $0.0013 [changed]
[345/1207] GUIC Summer Camp... running, 0 search(es) [SILENT: no search invoked], $0.0012 [changed]
[346/1207] HAAS Business... running, 0 search(es) [SILENT: no search invoked], $0.0012 [changed]
[347/1207] Harper Research Cures Cancer Corps... running, 0 search(es) [SILENT: no search invoked], $0.0011 [changed]
[348/1207] Harvard... running, 1 search(es), $0.0153 [changed]
[349/1207] Harvard University... running, 0 search(es) [SILENT: no search invoked], $0.0010 [changed]
[350/1207] Harvard University... running, 0 search(es) [SILENT: no search invoked], $0.0014 [changed]
[351/1207] HAS Astronomy... not_running, 0 search(es) [SILENT: no search invoked], $0.0012 [changed]
[352/1207] Health & Biomedical Camp... running, 0 search(es) [SILENT: no search invoked], $0.0011 [changed]
[353/1207] Health and Society Institute... running, 0 search(es) [SILENT: no search invoked], $0.0012 [changed]
[354/1207] Health Professions Program... running, 0 search(es) [SILENT: no search invoked], $0.0011 [changed]
[355/1207] Healthcare Exploration... running, 0 search(es) [SILENT: no search invoked], $0.0011 [changed]
[356/1207] HealthLink... running, 0 search(es) [SILENT: no search invoked], $0.0013 [changed]
[357/1207] High School Camp... running, 0 search(es) [SILENT: no search invoked], $0.0010 [changed]
[358/1207] High School Competitions... running, 0 search(es) [SILENT: no search invoked], $0.0013 [changed]
[359/1207] High School Conservatory... running, 1 search(es), $0.0150 [changed]
[360/1207] High School Honors... running, 0 search(es) [SILENT: no search invoked], $0.0014 [changed]
[361/1207] High School Honors... running, 0 search(es) [SILENT: no search invoked], $0.0012 [changed]
[362/1207] High School Internship Program... running, 0 search(es) [SILENT: no search invoked], $0.0011 [changed]
[363/1207] High School Internship Program... running, 0 search(es) [SILENT: no search invoked], $0.0013 [changed]
[364/1207] High School Internships... running, 0 search(es) [SILENT: no search invoked], $0.0011 [changed]
[365/1207] High School Law Institute... running, 0 search(es) [SILENT: no search invoked], $0.0012 [changed]
[366/1207] High School Programming... running, 0 search(es) [SILENT: no search invoked], $0.0010 [changed]
[367/1207] High School Research Internship... running, 0 search(es) [SILENT: no search invoked], $0.0010 [changed]
[368/1207] High School Research Program... running, 0 search(es) [SILENT: no search invoked], $0.0011 [changed]
[369/1207] High School Scholars... running, 0 search(es) [SILENT: no search invoked], $0.0011 [changed]
[370/1207] High School Scholars... running, 0 search(es) [SILENT: no search invoked], $0.0011 [changed]
[371/1207] High School Space Exploration Camp... not_running, 0 search(es) [SILENT: no search invoked], $0.0011 [changed]
[372/1207] High School Summer Internship Program... running, 0 search(es) [SILENT: no search invoked], $0.0012 [changed]
[373/1207] High School Summer Program... running, 0 search(es) [SILENT: no search invoked], $0.0011 [changed]
[374/1207] High School Summer Program... running, 0 search(es) [SILENT: no search invoked], $0.0014 [changed]
[375/1207] HighTech Bound... running, 0 search(es) [SILENT: no search invoked], $0.0011 [changed]
[376/1207] Hinton Scholars... running, 0 search(es) [SILENT: no search invoked], $0.0011 [changed]
[377/1207] Honors Summer... running, 0 search(es) [SILENT: no search invoked], $0.0012 [changed]
[378/1207] Horticultural Science Summer Institute... running, 0 search(es) [SILENT: no search invoked], $0.0011 [changed]
[379/1207] Host-Microbe Mutualism... running, 3 search(es), $0.0434 [changed]
[380/1207] How Cells Ensure Accurate Chromosome Segregation Internship... running, 0 search(es) [SILENT: no search invoked], $0.0012 [changed]
[381/1207] How To Think Like an Attorney... running, 0 search(es) [SILENT: no search invoked], $0.0011 [changed]
[382/1207] Howling With Cals... running, 0 search(es) [SILENT: no search invoked], $0.0013 [changed]
[383/1207] HPEC Economics Challenge... running, 0 search(es) [SILENT: no search invoked], $0.0011 [changed]
[384/1207] HPREP... running, 0 search(es) [SILENT: no search invoked], $0.0010 [changed]
[385/1207] HSHP... not_running, 0 search(es) [SILENT: no search invoked], $0.0010 [changed]
[386/1207] HSRA Summer Program... running, 0 search(es) [SILENT: no search invoked], $0.0011 [changed]
[387/1207] Human Exploration Rover Challenge... running, 0 search(es) [SILENT: no search invoked], $0.0014 [changed]
[388/1207] Human Resources Intern... running, 0 search(es) [SILENT: no search invoked], $0.0011 [changed]
[389/1207] Pre-College... running, 0 search(es) [SILENT: no search invoked], $0.0011 [changed]
[390/1207] IAS Computes... running, 0 search(es) [SILENT: no search invoked], $0.0012 [changed]
[391/1207] ICaRE Summer Science... running, 0 search(es) [SILENT: no search invoked], $0.0011 [changed]
[392/1207] ICS Summer Academy... running, 0 search(es) [SILENT: no search invoked], $0.0012 [changed]
[393/1207] IFAL... running, 0 search(es) [SILENT: no search invoked], $0.0010 [changed]
[394/1207] Ignite Your Passion for International Law... running, 0 search(es) [SILENT: no search invoked], $0.0010 [changed]
[395/1207] Imagine Cup... running, 0 search(es) [SILENT: no search invoked], $0.0011 [changed]
[396/1207] Information Technology Intern... running, 0 search(es) [SILENT: no search invoked], $0.0011 [changed]
[397/1207] Innovation in Music Academy... running, 0 search(es) [SILENT: no search invoked], $0.0011 [changed]
[398/1207] Institute of Biomedical Research... running, 0 search(es) [SILENT: no search invoked], $0.0009 [changed]
[399/1207] Intensive Law Program... running, 0 search(es) [SILENT: no search invoked], $0.0011 [changed]
[400/1207] International Academic Competitions... running, 0 search(es) [SILENT: no search invoked], $0.0013 [changed]
[401/1207] International Biology Olympiad... running, 0 search(es) [SILENT: no search invoked], $0.0010 [changed]
[402/1207] International History Olympiad... running, 0 search(es) [SILENT: no search invoked], $0.0011 [changed]
[403/1207] International Linguistics Olympiad... running, 0 search(es) [SILENT: no search invoked], $0.0011 [changed]
[404/1207] International Mathematical Olympiad... running, 0 search(es) [SILENT: no search invoked], $0.0011 [changed]
[405/1207] International Physics Olympiad... running, 0 search(es) [SILENT: no search invoked], $0.0011 [changed]
[406/1207] International Relations Academy... running, 0 search(es) [SILENT: no search invoked], $0.0013 [changed]
[407/1207] International Space Settlement Design Competition... running, 0 search(es) [SILENT: no search invoked], $0.0013 [changed]
[408/1207] Internship Program... running, 0 search(es) [SILENT: no search invoked], $0.0013 [changed]
[409/1207] Internship Program... running, 0 search(es) [SILENT: no search invoked], $0.0012 [changed]
[410/1207] Internship Program... running, 0 search(es) [SILENT: no search invoked], $0.0013 [changed]
[411/1207] Introduction to Logic... running, 0 search(es) [SILENT: no search invoked], $0.0012 [changed]
[412/1207] Introduction to Programming Python... running, 0 search(es) [SILENT: no search invoked], $0.0011 [changed]
[413/1207] Investigation and Training in Careers in Health... running, 0 search(es) [SILENT: no search invoked], $0.0011 [changed]
[414/1207] ISEF Competition... running, 0 search(es) [SILENT: no search invoked], $0.0013 [changed]
[415/1207] ISYM Programs... running, 0 search(es) [SILENT: no search invoked], $0.0010 [changed]
[416/1207] Jim Baen Memorial Short Story Award... running, 0 search(es) [SILENT: no search invoked], $0.0012 [changed]
[417/1207] Jindal School of Management... running, 0 search(es) [SILENT: no search invoked], $0.0012 [changed]
[418/1207] Johns Hopkins University... running, 0 search(es) [SILENT: no search invoked], $0.0012 [changed]
[419/1207] Journalism Institute... running, 0 search(es) [SILENT: no search invoked], $0.0010 [changed]
[420/1207] Joy of Coding... running, 0 search(es) [SILENT: no search invoked], $0.0013 [changed]
[421/1207] JSEP... running, 0 search(es) [SILENT: no search invoked], $0.0011 [changed]
[422/1207] JumpstART... running, 0 search(es) [SILENT: no search invoked], $0.0013 [changed]
[423/1207] JumpStart Camp... running, 0 search(es) [SILENT: no search invoked], $0.0011 [changed]
[424/1207] Junior Business Badgers... running, 0 search(es) [SILENT: no search invoked], $0.0012 [changed]
[425/1207] Junior Science & Humanities... running, 0 search(es) [SILENT: no search invoked], $0.0012 [changed]
[426/1207] Junior Science & Humanities Competition... running, 0 search(es) [SILENT: no search invoked], $0.0012 [changed]
[427/1207] Keller BLOOM Program... running, 0 search(es) [SILENT: no search invoked], $0.0011 [changed]
[428/1207] Kent State University... running, 0 search(es) [SILENT: no search invoked], $0.0010 [changed]
[429/1207] Kentucky Forest Leadership Program... running, 0 search(es) [SILENT: no search invoked], $0.0010 [changed]
[430/1207] Kimberly Querrey Research... not_running, 0 search(es) [SILENT: no search invoked], $0.0009 [changed]
[431/1207] KU Cancer Center... running, 0 search(es) [SILENT: no search invoked], $0.0014 [changed]
[432/1207] Laboratory for Laser Energetics... running, 0 search(es) [SILENT: no search invoked], $0.0011 [changed]
[433/1207] Laboratory Learning Program... running, 0 search(es) [SILENT: no search invoked], $0.0011 [changed]
[434/1207] Ladders for Leaders... running, 0 search(es) [SILENT: no search invoked], $0.0013 [changed]
[435/1207] Lamont-Doherty Earth Observatory... running, 1 search(es), $0.0153 [changed]
[436/1207] Language Summer Academy... running, 0 search(es) [SILENT: no search invoked], $0.0013 [changed]
[437/1207] Law Academy... running, 0 search(es) [SILENT: no search invoked], $0.0012 [changed]
[438/1207] Law Summer School... not_running, 0 search(es) [SILENT: no search invoked], $0.0011 [changed]
[439/1207] Leadership Institute... running, 0 search(es) [SILENT: no search invoked], $0.0011 [changed]
[440/1207] Leadership Project... running, 1 search(es), $0.0151 [changed]
[441/1207] Leadership Scholars... running, 0 search(es) [SILENT: no search invoked], $0.0011 [changed]
[442/1207] Leadership Seminars... running, 0 search(es) [SILENT: no search invoked], $0.0010 [changed]
[443/1207] Learn How Entrepreneurs Identify and Solve Problems... running, 1 search(es), $0.0150 [changed]
[444/1207] Learn How Investors Create Wealth... running, 0 search(es) [SILENT: no search invoked], $0.0012 [changed]
[445/1207] Learn What It Takes To Lead... running, 0 search(es) [SILENT: no search invoked], $0.0012 [changed]
[446/1207] Life Sciences Research... running, 0 search(es) [SILENT: no search invoked], $0.0010 [changed]
[447/1207] Lincoln Laboratory... running, 0 search(es) [SILENT: no search invoked], $0.0011 [changed]
[448/1207] Livestock Science Camp... not_running, 0 search(es) [SILENT: no search invoked], $0.0009 [changed]
[449/1207] Los Angeles Institute... running, 0 search(es) [SILENT: no search invoked], $0.0011 [changed]
[450/1207] Louisville High School... not_running, 0 search(es) [SILENT: no search invoked], $0.0009 [changed]
[451/1207] LSU... running, 0 search(es) [SILENT: no search invoked], $0.0009 [changed]
[452/1207] LUC... running, 0 search(es) [SILENT: no search invoked], $0.0010 [changed]
[453/1207] Machine Learning Program... running, 0 search(es) [SILENT: no search invoked], $0.0014 [changed]
[454/1207] Machine Learning Program... running, 0 search(es) [SILENT: no search invoked], $0.0013 [changed]
[455/1207] Management & Technology Summer Institute... running, 0 search(es) [SILENT: no search invoked], $0.0014 [changed]
[456/1207] Marching Band Camp... [ERROR] HTTP 503
[457/1207] Marine Lab Pre-College... running, 0 search(es) [SILENT: no search invoked], $0.0011 [changed]
[458/1207] Marine Science Research... running, 0 search(es) [SILENT: no search invoked], $0.0011 [changed]
[459/1207] Mark Cuban Foundation AI Bootcamp... running, 0 search(es) [SILENT: no search invoked], $0.0010 [changed]
[460/1207] Marketing & Personal Branding Academy... running, 0 search(es) [SILENT: no search invoked], $0.0014 [changed]
[461/1207] Math Academy... not_running, 2 search(es), $0.0290 [changed]
[462/1207] Math and Science Scholars... running, 0 search(es) [SILENT: no search invoked], $0.0011 [changed]
[463/1207] Math Camp... running, 0 search(es) [SILENT: no search invoked], $0.0011 [changed]
[464/1207] Math Contest... not_running, 0 search(es) [SILENT: no search invoked], $0.0009 [changed]
[465/1207] Math Meet... running, 0 search(es) [SILENT: no search invoked], $0.0012 [changed]
[466/1207] Math Minutes Video Contest... running, 2 search(es), $0.0292 [changed]
[467/1207] Math Modeling Challenge... running, 0 search(es) [SILENT: no search invoked], $0.0012 [changed]
[468/1207] Math Program... running, 0 search(es) [SILENT: no search invoked], $0.0010 [changed]
[469/1207] Math Tournament... running, 0 search(es) [SILENT: no search invoked], $0.0013 [changed]
[470/1207] Mathematics Camp... running, 0 search(es) [SILENT: no search invoked], $0.0014 [changed]
[471/1207] Mathematics Competition... running, 0 search(es) [SILENT: no search invoked], $0.0015 [changed]
[472/1207] Mathematics Program... running, 0 search(es) [SILENT: no search invoked], $0.0011 [changed]
[473/1207] Mathematics Program... running, 0 search(es) [SILENT: no search invoked], $0.0013 [changed]
[474/1207] Mathematics Project... running, 0 search(es) [SILENT: no search invoked], $0.0010 [changed]
[475/1207] Mayo Clinic... running, 0 search(es) [SILENT: no search invoked], $0.0011 [changed]
[476/1207] Mayo Clinic... running, 0 search(es) [SILENT: no search invoked], $0.0011 [changed]
[477/1207] McIntire Business Program... running, 0 search(es) [SILENT: no search invoked], $0.0012 [changed]
[478/1207] Med-Start Health Program... running, 0 search(es) [SILENT: no search invoked], $0.0010 [changed]
[479/1207] MedAcademy... running, 0 search(es) [SILENT: no search invoked], $0.0011 [changed]
[480/1207] Media & Sports Academy... running, 0 search(es) [SILENT: no search invoked], $0.0010 [changed]
[481/1207] Medical and Health Programs... running, 1 search(es), $0.0151 [changed]
[482/1207] Medical Program... unknown, 0 search(es) [SILENT: no search invoked], $0.0009 [changed]
[483/1207] Medical Student Research Internship Program... running, 0 search(es) [SILENT: no search invoked], $0.0012 [changed]
[484/1207] Medical Youth Science Program... running, 0 search(es) [SILENT: no search invoked], $0.0012 [changed]
[485/1207] Medicine Art and Anatomy... running, 0 search(es) [SILENT: no search invoked], $0.0011 [changed]
[486/1207] Medicine Program... running, 0 search(es) [SILENT: no search invoked], $0.0012 [changed]
[487/1207] Medicine Summer Research Program... running, 0 search(es) [SILENT: no search invoked], $0.0011 [changed]
[488/1207] MEEP... running, 0 search(es) [SILENT: no search invoked], $0.0014 [changed]
[489/1207] Mentor Assistance Program for High School Students... running, 0 search(es) [SILENT: no search invoked], $0.0011 [changed]
[490/1207] Mercer University... running, 0 search(es) [SILENT: no search invoked], $0.0011 [changed]
[491/1207] MERITS Program... running, 0 search(es) [SILENT: no search invoked], $0.0012 [changed]
[492/1207] Miami SAO... running, 0 search(es) [SILENT: no search invoked], $0.0009 [changed]
[493/1207] Miami SAO... running, 0 search(es) [SILENT: no search invoked], $0.0009 [changed]
[494/1207] Michigan State University... running, 0 search(es) [SILENT: no search invoked], $0.0011 [changed]
[495/1207] Microbiology Camp... running, 3 search(es), $0.0430 [changed]
[496/1207] Missouri University of Science and Technology... running, 0 search(es) [SILENT: no search invoked], $0.0010 [changed]
[497/1207] MIT Museum... running, 0 search(es) [SILENT: no search invoked], $0.0012 [changed]
[498/1207] MITE Summer Camp... running, 0 search(es) [SILENT: no search invoked], $0.0012 [changed]
[499/1207] MITES Program... running, 0 search(es) [SILENT: no search invoked], $0.0012 [changed]
[500/1207] MOP Mathematical Olympiad Summer Program... running, 0 search(es) [SILENT: no search invoked], $0.0009 [changed]
[501/1207] Morse Summer Music Academy... running, 0 search(es) [SILENT: no search invoked], $0.0011 [changed]
[502/1207] MSU... running, 0 search(es) [SILENT: no search invoked], $0.0011 [changed]
[503/1207] Music Pre-College... running, 0 search(es) [SILENT: no search invoked], $0.0011 [changed]
[504/1207] Music Technology & Production Camp... running, 0 search(es) [SILENT: no search invoked], $0.0011 [changed]
[505/1207] NASEP... running, 0 search(es) [SILENT: no search invoked], $0.0015 [changed]
[506/1207] Nash U... running, 0 search(es) [SILENT: no search invoked], $0.0013 [changed]
[507/1207] National Academic Championship... running, 0 search(es) [SILENT: no search invoked], $0.0012 [changed]
[508/1207] National Arts Competition... running, 0 search(es) [SILENT: no search invoked], $0.0010 [changed]
[509/1207] National Academic League... running, 0 search(es) [SILENT: no search invoked], $0.0011 [changed]
[510/1207] National Chemistry Olympiad... running, 0 search(es) [SILENT: no search invoked], $0.0012 [changed]
[511/1207] National Economics Challenge... running, 0 search(es) [SILENT: no search invoked], $0.0011 [changed]
[512/1207] National Economics Challenge... running, 0 search(es) [SILENT: no search invoked], $0.0011 [changed]
[513/1207] National French Contest... running, 0 search(es) [SILENT: no search invoked], $0.0013 [changed]
[514/1207] National High School Game Academy... running, 0 search(es) [SILENT: no search invoked], $0.0011 [changed]
[515/1207] National High School Institute... running, 0 search(es) [SILENT: no search invoked], $0.0012 [changed]
[516/1207] National Mock Trial Championship... running, 0 search(es) [SILENT: no search invoked], $0.0011 [changed]
[517/1207] National Science Bowl... running, 2 search(es), $0.0292 [changed]
[518/1207] National Security & Intelligence Academy... running, 0 search(es) [SILENT: no search invoked], $0.0012 [changed]
[519/1207] National Security Language Initiative... running, 0 search(es) [SILENT: no search invoked], $0.0013 [changed]
[520/1207] National Summer Transportation Institute... running, 0 search(es) [SILENT: no search invoked], $0.0011 [changed]
[521/1207] National Youth Science Camp... running, 0 search(es) [SILENT: no search invoked], $0.0011 [changed]
[522/1207] Native Education Forum... not_running, 1 search(es), $0.0149 [changed]
[523/1207] NC State... running, 0 search(es) [SILENT: no search invoked], $0.0013 [changed]
[524/1207] NC State University... running, 0 search(es) [SILENT: no search invoked], $0.0011 [changed]
[525/1207] NC State University... running, 0 search(es) [SILENT: no search invoked], $0.0011 [changed]
[526/1207] NC Youth Institute... running, 0 search(es) [SILENT: no search invoked], $0.0012 [changed]
[527/1207] Network For Teaching Entrepreneurship... running, 0 search(es) [SILENT: no search invoked], $0.0012 [changed]
[528/1207] Neubauer Family Summer Scholars... running, 0 search(es) [SILENT: no search invoked], $0.0012 [changed]
[529/1207] Neubauer Phoenix Scholars... running, 0 search(es) [SILENT: no search invoked], $0.0013 [changed]
[530/1207] Neuroscape Research Internship... running, 0 search(es) [SILENT: no search invoked], $0.0011 [changed]
[531/1207] Neuroscience Immersion... running, 0 search(es) [SILENT: no search invoked], $0.0011 [changed]
[532/1207] Neuroscience Internship... running, 0 search(es) [SILENT: no search invoked], $0.0012 [changed]
[533/1207] Neuroscience Journal Club... running, 0 search(es) [SILENT: no search invoked], $0.0011 [changed]
[534/1207] Neuroscience Program... running, 0 search(es) [SILENT: no search invoked], $0.0012 [changed]
[535/1207] Neuroscience Research Competition... running, 0 search(es) [SILENT: no search invoked], $0.0011 [changed]
[536/1207] NeuroScience Summer Program... running, 0 search(es) [SILENT: no search invoked], $0.0011 [changed]
[537/1207] New Jersey Governor’s School in the Sciences... running, 0 search(es) [SILENT: no search invoked], $0.0011 [changed]
[538/1207] New Jersey Program in Engineering & Technology... running, 0 search(es) [SILENT: no search invoked], $0.0012 [changed]
[539/1207] New York Bioforce... running, 0 search(es) [SILENT: no search invoked], $0.0011 [changed]
[540/1207] NextGen High School Internship... running, 0 search(es) [SILENT: no search invoked], $0.0011 [changed]
[541/1207] NJIT... running, 0 search(es) [SILENT: no search invoked], $0.0010 [changed]
[542/1207] NM GCM Grosvenor Program... running, 0 search(es) [SILENT: no search invoked], $0.0010 [changed]
[543/1207] NMU... running, 0 search(es) [SILENT: no search invoked], $0.0011 [changed]
[544/1207] North Carolina State University (NCSU)... running, 0 search(es) [SILENT: no search invoked], $0.0010 [changed]
[545/1207] Northeastern University... running, 0 search(es) [SILENT: no search invoked], $0.0012 [changed]
[546/1207] NSTI Summer Camp... running, 0 search(es) [SILENT: no search invoked], $0.0010 [changed]
[547/1207] NURPH... running, 0 search(es) [SILENT: no search invoked], $0.0011 [changed]
[548/1207] Nurse Camp... running, 0 search(es) [SILENT: no search invoked], $0.0011 [changed]
[549/1207] Nursing Academy... running, 0 search(es) [SILENT: no search invoked], $0.0015 [changed]
[550/1207] NYC Commuter Summer... running, 0 search(es) [SILENT: no search invoked], $0.0012 [changed]
[551/1207] NYC Residential Summer... running, 0 search(es) [SILENT: no search invoked], $0.0014 [changed]
[552/1207] NYLF Medicine & Health Care... running, 0 search(es) [SILENT: no search invoked], $0.0012 [changed]
[553/1207] Oakland University... running, 0 search(es) [SILENT: no search invoked], $0.0009 [changed]
[554/1207] Oakland University... [ERROR] HTTP 503
[555/1207] Oakland University... [ERROR] HTTP 503
[556/1207] Ocean Awareness Contest... running, 0 search(es) [SILENT: no search invoked], $0.0011 [changed]
[557/1207] ODU... running, 0 search(es) [SILENT: no search invoked], $0.0010 [changed]
[558/1207] Odyssey of the Mind... running, 0 search(es) [SILENT: no search invoked], $0.0012 [changed]
[559/1207] OGStem Program... running, 0 search(es) [SILENT: no search invoked], $0.0010 [changed]
[560/1207] Ohio University... running, 0 search(es) [SILENT: no search invoked], $0.0010 [changed]
[561/1207] OKStars Summer Research Program... running, 0 search(es) [SILENT: no search invoked], $0.0010 [changed]
[562/1207] Online Leadership Intensive... running, 0 search(es) [SILENT: no search invoked], $0.0012 [changed]
[563/1207] Online Pre-College Programs... running, 0 search(es) [SILENT: no search invoked], $0.0012 [changed]
[564/1207] Online Research Program... running, 0 search(es) [SILENT: no search invoked], $0.0010 [changed]
[565/1207] Online Summer... running, 0 search(es) [SILENT: no search invoked], $0.0013 [changed]
[566/1207] OPTIMUS Research Internship... running, 0 search(es) [SILENT: no search invoked], $0.0011 [changed]
[567/1207] OSU... running, 0 search(es) [SILENT: no search invoked], $0.0010 [changed]
[568/1207] OSU... running, 0 search(es) [SILENT: no search invoked], $0.0010 [changed]
[569/1207] OSU... running, 0 search(es) [SILENT: no search invoked], $0.0010 [changed]
[570/1207] OSU... running, 0 search(es) [SILENT: no search invoked], $0.0011 [changed]
[571/1207] OSU... running, 0 search(es) [SILENT: no search invoked], $0.0010 [changed]
[572/1207] OU Health... running, 0 search(es) [SILENT: no search invoked], $0.0011 [changed]
[573/1207] OUHSC... running, 0 search(es) [SILENT: no search invoked], $0.0010 [changed]
[574/1207] Outreach Ambassador Program... unknown, 0 search(es) [SILENT: no search invoked], $0.0009 [changed]
[575/1207] Parrhesia Ambassador Program... running, 0 search(es) [SILENT: no search invoked], $0.0012 [changed]
[576/1207] PATHS-UP Young Scholar... running, 0 search(es) [SILENT: no search invoked], $0.0011 [changed]
[577/1207] Pathways Research Internship... running, 0 search(es) [SILENT: no search invoked], $0.0011 [changed]
[578/1207] Patricia Grodd Poetry Prize... running, 0 search(es) [SILENT: no search invoked], $0.0010 [changed]
[579/1207] Pediatrics Internship Program... running, 0 search(es) [SILENT: no search invoked], $0.0012 [changed]
[580/1207] Penn State Behrend... running, 0 search(es) [SILENT: no search invoked], $0.0011 [changed]
[581/1207] PennRSSA... running, 0 search(es) [SILENT: no search invoked], $0.0011 [changed]
[582/1207] Perusing through the Americas... running, 0 search(es) [SILENT: no search invoked], $0.0013 [changed]
[583/1207] PGSS... running, 0 search(es) [SILENT: no search invoked], $0.0011 [changed]
[584/1207] Physical Therapy Summer Academy... running, 0 search(es) [SILENT: no search invoked], $0.0012 [changed]
[585/1207] Physics Program... running, 0 search(es) [SILENT: no search invoked], $0.0013 [changed]
[586/1207] Pirates Pitch Competition... running, 0 search(es) [SILENT: no search invoked], $0.0011 [changed]
[587/1207] Plant Signal Transduction and Reproduction... running, 0 search(es) [SILENT: no search invoked], $0.0012 [changed]
[588/1207] Plant The Moon Challenge... running, 1 search(es), $0.0152 [changed]
[589/1207] PME University of Chicago... running, 1 search(es), $0.0151 [changed]
[590/1207] POETS... running, 0 search(es) [SILENT: no search invoked], $0.0011 [changed]
[591/1207] Pollinator Health and Ecology... running, 0 search(es) [SILENT: no search invoked], $0.0011 [changed]
[592/1207] Pomona College... not_running, 0 search(es) [SILENT: no search invoked], $0.0009 [changed]
[593/1207] Poultry Summer Science Institute... running, 0 search(es) [SILENT: no search invoked], $0.0012 [changed]
[594/1207] Pre-Baccalaureate... running, 0 search(es) [SILENT: no search invoked], $0.0011 [changed]
[595/1207] Pre-Baccalaureate Program... running, 0 search(es) [SILENT: no search invoked], $0.0012 [changed]
[596/1207] Pre-College... running, 0 search(es) [SILENT: no search invoked], $0.0014 [changed]
[597/1207] Pre-College... running, 0 search(es) [SILENT: no search invoked], $0.0009 [changed]
[598/1207] Pre-College... running, 0 search(es) [SILENT: no search invoked], $0.0012 [changed]
[599/1207] Pre-College... running, 0 search(es) [SILENT: no search invoked], $0.0011 [changed]
[600/1207] Pre-College... running, 0 search(es) [SILENT: no search invoked], $0.0012 [changed]
[601/1207] Pre-College... running, 0 search(es) [SILENT: no search invoked], $0.0012 [changed]
[602/1207] Pre-College... running, 0 search(es) [SILENT: no search invoked], $0.0010 [changed]
[603/1207] Pre-College... running, 0 search(es) [SILENT: no search invoked], $0.0011 [changed]
[604/1207] Pre-College... running, 0 search(es) [SILENT: no search invoked], $0.0012 [changed]
[605/1207] Pre-College... running, 0 search(es) [SILENT: no search invoked], $0.0011 [changed]
[606/1207] Pre-College... running, 0 search(es) [SILENT: no search invoked], $0.0011 [changed]
[607/1207] Pre-College... running, 0 search(es) [SILENT: no search invoked], $0.0012 [changed]
[608/1207] Pre-College... running, 0 search(es) [SILENT: no search invoked], $0.0010 [changed]
[609/1207] Pre-College... running, 0 search(es) [SILENT: no search invoked], $0.0012 [changed]
[610/1207] Pre-College... running, 0 search(es) [SILENT: no search invoked], $0.0011 [changed]
[611/1207] Pre-College... running, 0 search(es) [SILENT: no search invoked], $0.0012 [changed]
[612/1207] Pre-College... running, 0 search(es) [SILENT: no search invoked], $0.0011 [changed]
[613/1207] Pre-College... running, 0 search(es) [SILENT: no search invoked], $0.0010 [changed]
[614/1207] Pre-College... [ERROR] HTTP 429
[615/1207] Pre-College... [ERROR] HTTP 429
[616/1207] Pre-College... [ERROR] HTTP 429
[617/1207] Pre-College Connect... [ERROR] HTTP 429
[618/1207] Pre-College Enrichment Program... running, 0 search(es) [SILENT: no search invoked], $0.0011 [changed]
[619/1207] Pre-College Flute... [ERROR] HTTP 429
[620/1207] Pre-College Programs... [ERROR] HTTP 429
[621/1207] Pre-College Residential Programs at UMass Amherst... running, 0 search(es) [SILENT: no search invoked], $0.0014 [changed]
[622/1207] Pre-College Scholars Program... [ERROR] HTTP 429
[623/1207] Pre-College Studies... [ERROR] HTTP 429
[624/1207] Pre-College Summer Academies... [ERROR] HTTP 429
[625/1207] Pre-Collegiate... [ERROR] HTTP 429
[626/1207] Pre-Collegiate Summer Scholars Program... [ERROR] HTTP 429
[627/1207] Pre-Law and Mock Trial Summer Academy... [ERROR] HTTP 429
[628/1207] Precollege Academic Campus Experience (PACE)... [ERROR] HTTP 429
[629/1207] Precollege Summer Institutes... [ERROR] HTTP 429
[630/1207] PRIMES... [ERROR] HTTP 429
[631/1207] Princeton University... [ERROR] HTTP 429
[632/1207] Principles of Engineering... [ERROR] HTTP 429
[633/1207] PRISM High School Program... [ERROR] HTTP 429
[634/1207] Program for Automation Robotics and Coding... [ERROR] HTTP 429
[635/1207] Program in Music Technology... [ERROR] HTTP 429
[636/1207] Project Ignite... [ERROR] HTTP 429
[637/1207] Project Success... [ERROR] HTTP 429
[638/1207] PSU... [ERROR] HTTP 429
[639/1207] Psychology and Its Impact on Everyday Life... [ERROR] HTTP 429
[640/1207] PULSE... [ERROR] HTTP 429
[641/1207] PUMaC Math Competition... [ERROR] HTTP 429
[642/1207] Quantitative Skills Program... [ERROR] HTTP 429
[643/1207] Quantum Information Program... [ERROR] HTTP 429
[644/1207] Quantum Quickstart... [ERROR] HTTP 429
[645/1207] Quantum School... [ERROR] HTTP 429
[646/1207] R Programming & Machine Learning Camp... [ERROR] HTTP 429
[647/1207] Raikes School Summer Camp... [ERROR] HTTP 429
[648/1207] RBS-PREP Pre-College Enrichment... [ERROR] HTTP 429
[649/1207] Reconstructive Surgery Internship... [ERROR] HTTP 429
[650/1207] Red Hat Shelton Challenge... [ERROR] HTTP 429
[651/1207] Reflections Competition... [ERROR] HTTP 429
[652/1207] Reischhauer Program... [ERROR] HTTP 429
[653/1207] Research & Stats Camp... [ERROR] HTTP 429
[654/1207] Research Apprentice Program... [ERROR] HTTP 429
[655/1207] Research Experience... [ERROR] HTTP 429
[656/1207] Research Experience for High School Students... [ERROR] HTTP 429
[657/1207] Research Experience Program... [ERROR] HTTP 429
[658/1207] Research Experiences... [ERROR] HTTP 429
[659/1207] Research Immersion... [ERROR] HTTP 429
[660/1207] Research in Engineering Program... [ERROR] HTTP 429
[661/1207] Research in Science & Engineering Program... [ERROR] HTTP 429
[662/1207] Research Institute Internship... [ERROR] HTTP 429
[663/1207] Research Intensive in Food Science.... [ERROR] HTTP 429
[664/1207] Research Intern... [ERROR] HTTP 429
[665/1207] Research Mentorship Program... [ERROR] HTTP 429
[666/1207] Research Scholars Program... [ERROR] HTTP 429
[667/1207] Residency Program... [ERROR] HTTP 429
[668/1207] RIBS - Research in Biological Sciences... [ERROR] HTTP 429
[669/1207] Rice University... [ERROR] HTTP 429
[670/1207] RITMS Research Program... [ERROR] HTTP 429
[671/1207] Robinson Center... [ERROR] HTTP 429
[672/1207] Robotics Camp... [ERROR] HTTP 429
[673/1207] Robotics Competition... [ERROR] HTTP 429
[674/1207] Robotics Competition... [ERROR] HTTP 429
[675/1207] RPI... [ERROR] HTTP 429
[676/1207] RPI... [ERROR] HTTP 429
[677/1207] RSI Program... [ERROR] HTTP 429
[678/1207] Rural Medicine Summer Academy... [ERROR] HTTP 429
[679/1207] Rutgers University... [ERROR] HTTP 429
[680/1207] SAIS Summer Programs... [ERROR] HTTP 429
[681/1207] Sam Houston State University... [ERROR] HTTP 429
[682/1207] Scholars Program... [ERROR] HTTP 429
[683/1207] Scholars Program... [ERROR] HTTP 429
[684/1207] Scholars Program... [ERROR] HTTP 429
[685/1207] Scholastic Art & Writing Awards... [ERROR] HTTP 429
[686/1207] Scholastic Press Association... [ERROR] HTTP 429
[687/1207] Scholastic Press Association Contests... [ERROR] HTTP 429
[688/1207] Sci-High Program... [ERROR] HTTP 429
[689/1207] Science Academy... [ERROR] HTTP 429
[690/1207] Science Accelerating Girls’ Engagement... [ERROR] HTTP 429
[691/1207] Science Explorations Program... [ERROR] HTTP 429
[692/1207] Science Internship... [ERROR] HTTP 429
[693/1207] Science of Smart Cities... [ERROR] HTTP 429
[694/1207] Science of Smart Cities... [ERROR] HTTP 429
[695/1207] Science Program... [ERROR] HTTP 429
[696/1207] Science Training Program... [ERROR] HTTP 429
[697/1207] Scientific Training and Enrichment Program... [ERROR] HTTP 429
[698/1207] Screenwriters Workshop... [ERROR] HTTP 429
[699/1207] Scripps College of Communication... [ERROR] HTTP 429
[700/1207] SCUBA Summer Coding... [ERROR] HTTP 429
[701/1207] SCUDEM - SIMIODE Challenge... [ERROR] HTTP 429
[702/1207] SDSU... [ERROR] HTTP 429
[703/1207] SEAD... [ERROR] HTTP 429
[704/1207] Secondary School... [ERROR] HTTP 429
[705/1207] SEEing Art... [ERROR] HTTP 429
[706/1207] SEES STEM Enhancement in Earth Sciences... [ERROR] HTTP 429
[707/1207] Sejong Korea Scholars Program... [ERROR] HTTP 429
[708/1207] Self-Paced Program... [ERROR] HTTP 429
[709/1207] Senate Page Program... [ERROR] HTTP 429
[710/1207] SEP Intern Program... [ERROR] HTTP 429
[711/1207] Sequencing Your Genome Camp... [ERROR] HTTP 429
[712/1207] Shadow Program... [ERROR] HTTP 429
[713/1207] SHINE Poster Session... [ERROR] HTTP 429
[714/1207] Sibling Circles... [ERROR] HTTP 429
[715/1207] Siblinghood Academy... [ERROR] HTTP 429
[716/1207] Simmons Research... [ERROR] HTTP 429
[717/1207] SLE Summer Program... [ERROR] HTTP 429
[718/1207] Smash Academy... [ERROR] HTTP 429
[719/1207] SMU... [ERROR] HTTP 429
[720/1207] Solve For Tomorrow... [ERROR] HTTP 429
[721/1207] Sounds of New York City... [ERROR] HTTP 429
[722/1207] Space Astronomy Program... [ERROR] HTTP 429
[723/1207] Space Physics Camp... [ERROR] HTTP 429
[724/1207] SPARX... [ERROR] HTTP 429
[725/1207] Speech & Debate... [ERROR] HTTP 429
[726/1207] Speech & Debate Camp... [ERROR] HTTP 429
[727/1207] Speech & Debate Tournament... [ERROR] HTTP 429
[728/1207] SpHERES... [ERROR] HTTP 429
[729/1207] Sports Business Academy... [ERROR] HTTP 429
[730/1207] Sports Industry Management Academy... [ERROR] HTTP 429
[731/1207] Sports Journalism Summer Camp... [ERROR] HTTP 429
[732/1207] SPS High School Academy... [ERROR] HTTP 429
[733/1207] SPUN Debate Program... [ERROR] HTTP 429
[734/1207] SRMP... [ERROR] HTTP 429
[735/1207] SSRP... [ERROR] HTTP 429
[736/1207] SSU Innovation... [ERROR] HTTP 429
[737/1207] Stanford Anesthesia Summer Institute... [ERROR] HTTP 429
[738/1207] Stanford E-China Program... [ERROR] HTTP 429
[739/1207] Stanford E-Japan Program... [ERROR] HTTP 429
[740/1207] Start Your Journey in Medicine Here... [ERROR] HTTP 429
[741/1207] STEM @GTRI... [ERROR] HTTP 429
[742/1207] STEM + M Connect... [ERROR] HTTP 429
[743/1207] Stem Academy... [ERROR] HTTP 429
[744/1207] STEM Academy... [ERROR] HTTP 429
[745/1207] STEM Academy... [ERROR] HTTP 429
[746/1207] STEM Camp... [ERROR] HTTP 429
[747/1207] Stem-Rising... [ERROR] HTTP 429
[748/1207] Stevens Institute of Technology... [ERROR] HTTP 429
[749/1207] Strategize Like a Marketer... [ERROR] HTTP 429
[750/1207] STRIDE Bioengineering... [ERROR] HTTP 429
[751/1207] Student Documentary Competition... [ERROR] HTTP 503
[752/1207] Student Interactions with Science, Technology, Engineering a... [ERROR] HTTP 429
[753/1207] Student Intern Program... [ERROR] HTTP 429
[754/1207] Student Introduction To Engineering (SITE)... [ERROR] HTTP 429
[755/1207] Student Leaders... [ERROR] HTTP 429
[756/1207] Student Research Internships... [ERROR] HTTP 429
[757/1207] Study How the U.S. Political System Works... [ERROR] HTTP 429
[758/1207] Summer Academic Program... [ERROR] HTTP 429
[759/1207] Summer Academic Research Experience... [ERROR] HTTP 429
[760/1207] Summer Academics... [ERROR] HTTP 429
[761/1207] Summer Academics... [ERROR] HTTP 429
[762/1207] Summer Academics... [ERROR] HTTP 429
[763/1207] Summer Academy... [ERROR] HTTP 429
[764/1207] Summer Academy... [ERROR] HTTP 429
[765/1207] Summer Academy... [ERROR] HTTP 429
[766/1207] Summer Academy... [ERROR] HTTP 429
[767/1207] Summer Academy... [ERROR] HTTP 429
[768/1207] Summer Academy for Math & Science... [ERROR] HTTP 429
[769/1207] Summer Academy for Math & Science... [ERROR] HTTP 429
[770/1207] Summer Actor Training... [ERROR] HTTP 429
[771/1207] Summer Art Camps... [ERROR] HTTP 429
[772/1207] Summer Art Intensive... [ERROR] HTTP 429
[773/1207] Summer at Tisch... [ERROR] HTTP 429
[774/1207] Summer Bridge Program... [ERROR] HTTP 429
[775/1207] Summer Camp... [ERROR] HTTP 429
[776/1207] Summer Camp... [ERROR] HTTP 429
[777/1207] Summer Camp... [ERROR] HTTP 429
[778/1207] Summer Camp... [ERROR] HTTP 429
[779/1207] Summer Camp... [ERROR] HTTP 429
[780/1207] Summer Camp LBL... [ERROR] HTTP 429
[781/1207] Summer Camp LLNL... [ERROR] HTTP 429
[782/1207] Summer Cancer Research... [ERROR] HTTP 429
[783/1207] Summer Challenge... [ERROR] HTTP 429
[784/1207] Summer Child Health Internship... [ERROR] HTTP 429
[785/1207] Summer College... [ERROR] HTTP 429
[786/1207] Summer College... [ERROR] HTTP 429
[787/1207] Summer College Immersion Program... [ERROR] HTTP 429
[788/1207] Summer College Opportunity Program... [ERROR] HTTP 429
[789/1207] Summer Concert Camp... [ERROR] HTTP 429
[790/1207] Summer Debate Program... [ERROR] HTTP 429
[791/1207] Summer Design Academy... [ERROR] HTTP 429
[792/1207] Summer Edge... [ERROR] HTTP 429
[793/1207] Summer Engineering... [ERROR] HTTP 429
[794/1207] Summer Engineering Experience... [ERROR] HTTP 429
[795/1207] Summer Engineering Experience... [ERROR] HTTP 429
[796/1207] Summer Engineering Seminar... [ERROR] HTTP 429
[797/1207] Summer Entrepreneurship Program... [ERROR] HTTP 429
[798/1207] Summer Experience... [ERROR] HTTP 429
[799/1207] Summer Healthcare Experience... [ERROR] HTTP 429
[800/1207] Summer Humanities... [ERROR] HTTP 429
[801/1207] Summer Humanities and Social Science Program... [ERROR] HTTP 429
[802/1207] Summer Immersion Program... [ERROR] HTTP 429
[803/1207] Summer Immersion Program... [ERROR] HTTP 429
[804/1207] Summer Institute... [ERROR] HTTP 429
[805/1207] Summer Institute... [ERROR] HTTP 429
[806/1207] Summer Intensives... [ERROR] HTTP 429
[807/1207] Summer Internship... [ERROR] HTTP 429
[808/1207] Summer Internship... [ERROR] HTTP 429
[809/1207] Summer Internship Program... [ERROR] HTTP 429
[810/1207] Summer Internship Program... [ERROR] HTTP 429
[811/1207] Summer Internship Program... [ERROR] HTTP 429
[812/1207] Summer Internship Program... [ERROR] HTTP 429
[813/1207] Summer Internship Program... [ERROR] HTTP 429
[814/1207] Summer Journalism... [ERROR] HTTP 429
[815/1207] Summer Journalism Academy... [ERROR] HTTP 429
[816/1207] Summer Journalism Program... [ERROR] HTTP 429
[817/1207] Summer Journalism Workshop... [ERROR] HTTP 429
[818/1207] Summer Language Institute... [ERROR] HTTP 429
[819/1207] Summer Language Institute... [ERROR] HTTP 429
[820/1207] Summer Learning Academy... [ERROR] HTTP 429
[821/1207] Summer Math Program for Young Scholars... [ERROR] HTTP 429
[822/1207] Summer Medical Career Program... [ERROR] HTTP 429
[823/1207] Summer Music Clinic... [ERROR] HTTP 429
[824/1207] Summer Online Program... [ERROR] HTTP 429
[825/1207] Summer Pre-College... [ERROR] HTTP 429
[826/1207] Summer Pre-College at the UMass Mount Ida Campus... [ERROR] HTTP 429
[827/1207] Summer Prep... [ERROR] HTTP 429
[828/1207] Summer Preview Program... [ERROR] HTTP 429
[829/1207] Summer Program... [ERROR] HTTP 429
[830/1207] Summer Program... [ERROR] HTTP 429
[831/1207] Summer Program... [ERROR] HTTP 429
[832/1207] Summer Program for Verbally and Mathematically Precocious Yo... [ERROR] HTTP 503
[833/1207] Summer Research... [ERROR] HTTP 429
[834/1207] Summer Research Experience... [ERROR] HTTP 429
[835/1207] Summer Research Immersion... [ERROR] HTTP 429
[836/1207] Summer Research Internship... [ERROR] HTTP 429
[837/1207] Summer Research Program... [ERROR] HTTP 429
[838/1207] Summer Research Program... [ERROR] HTTP 429
[839/1207] Summer Research Program (SRP)... [ERROR] HTTP 429
[840/1207] Summer Research Scholars Program... [ERROR] HTTP 429
[841/1207] Summer SAIL... [ERROR] HTTP 503
[842/1207] Summer Scholar Program... [ERROR] HTTP 429
[843/1207] Summer Scholars... [ERROR] HTTP 429
[844/1207] Summer Scholars... [ERROR] HTTP 429
[845/1207] Summer Scholars... [ERROR] HTTP 429
[846/1207] Summer Scholars Program... [ERROR] HTTP 429
[847/1207] Summer Scholars Program... [ERROR] HTTP 429
[848/1207] Summer Scholars Program... [ERROR] HTTP 429
[849/1207] Summer Scholars Research Program... [ERROR] HTTP 429
[850/1207] Summer School for Mathematics & Science... [ERROR] HTTP 429
[851/1207] Summer Science & Engineering Program... [ERROR] HTTP 429
[852/1207] Summer Science Academy... [ERROR] HTTP 429
[853/1207] Summer Science Intensive... [ERROR] HTTP 429
[854/1207] Summer Science Internship... [ERROR] HTTP 429
[855/1207] Summer Science Research Program... [ERROR] HTTP 429
[856/1207] Summer Seminar... [ERROR] HTTP 429
[857/1207] Summer Session... [ERROR] HTTP 429
[858/1207] Summer Session... [ERROR] HTTP 429
[859/1207] Summer Session... [ERROR] HTTP 429
[860/1207] Summer Session... [ERROR] HTTP 429
[861/1207] Summer Session... [ERROR] HTTP 429
[862/1207] Summer Session... [ERROR] HTTP 429
[863/1207] Summer Session... [ERROR] HTTP 429
[864/1207] Summer Session... [ERROR] HTTP 429
[865/1207] Summer Session... [ERROR] HTTP 429
[866/1207] Summer Session... [ERROR] HTTP 429
[867/1207] Summer Session... [ERROR] HTTP 429
[868/1207] Summer Session... [ERROR] HTTP 429
[869/1207] Summer Session... [ERROR] HTTP 429
[870/1207] Summer Session... [ERROR] HTTP 429
[871/1207] Summer Session... [ERROR] HTTP 429
[872/1207] Summer Session... [ERROR] HTTP 429
[873/1207] Summer Session... [ERROR] HTTP 429
[874/1207] Summer Session... [ERROR] HTTP 429
[875/1207] Summer Session... [ERROR] HTTP 429
[876/1207] Summer Sessions... [ERROR] HTTP 429
[877/1207] Summer Songwriters Workshop... [ERROR] HTTP 429
[878/1207] Summer Springboard... [ERROR] HTTP 429
[879/1207] Summer Stem... [ERROR] HTTP 429
[880/1207] Summer Stem... [ERROR] HTTP 429
[881/1207] Summer Stem Academy... [ERROR] HTTP 429
[882/1207] Summer STEM Camp... [ERROR] HTTP 429
[883/1207] Summer STEM Internships... [ERROR] HTTP 429
[884/1207] Summer STEM Program... [ERROR] HTTP 429
[885/1207] Summer Strings... [ERROR] HTTP 429
[886/1207] Summer Student Academy... [ERROR] HTTP 429
[887/1207] Summer Student Program... [ERROR] HTTP 429
[888/1207] Summer Study... [ERROR] HTTP 429
[889/1207] Summer Surgery Program... [ERROR] HTTP 429
[890/1207] Summer Theatre Institute... [ERROR] HTTP 429
[891/1207] Summer Veterinary Experience... [ERROR] HTTP 429
[892/1207] Summer Youth Program... [ERROR] HTTP 429
[893/1207] Summer@Brown... [ERROR] HTTP 429
[894/1207] Summit STEM Programs... [ERROR] HTTP 429
[895/1207] Sustainable Energy Engineering... [ERROR] HTTP 429
[896/1207] Sustainable Food and the City... [ERROR] HTTP 429
[897/1207] SVRA Research and Data Analysis Intern... [ERROR] HTTP 429
[898/1207] Swarthmore College... [ERROR] HTTP 429
[899/1207] Swarthmore College... [ERROR] HTTP 429
[900/1207] Swarthmore College... [ERROR] HTTP 429
[901/1207] Swarthmore College... [ERROR] HTTP 429
[902/1207] Synthetic Biology Competition... [ERROR] HTTP 429
[903/1207] TAMU... [ERROR] HTTP 429
[904/1207] TAMU... [ERROR] HTTP 429
[905/1207] Tanglewood Institute... [ERROR] HTTP 429
[906/1207] Tapia STEM Camps... [ERROR] HTTP 429
[907/1207] TASS Summer Seminar... [ERROR] HTTP 429
[908/1207] TCNJ... [ERROR] HTTP 429
[909/1207] Tech Camp... [ERROR] HTTP 429
[910/1207] TechCrafters... [ERROR] HTTP 429
[911/1207] Technician Education... [ERROR] HTTP 429
[912/1207] Ted R. Lilley CURE Program... [ERROR] HTTP 429
[913/1207] Teen Camp: Natural Dyes... [ERROR] HTTP 429
[914/1207] Teen Entrepreneurship Challenge... [ERROR] HTTP 429
[915/1207] Teen Internship Program... [ERROR] HTTP 429
[916/1207] Teen Med Camp... [ERROR] HTTP 429
[917/1207] Teen Wellness Connection... [ERROR] HTTP 429
[918/1207] Teen Wellness Summit... [ERROR] HTTP 429
[919/1207] Terp Young Scholars... [ERROR] HTTP 429
[920/1207] Terrapin Music Camp... [ERROR] HTTP 429
[921/1207] The Artemis Project... [ERROR] HTTP 429
[922/1207] The Cutting-Edge of Biological Discovery... [ERROR] HTTP 429
[923/1207] The James Madison Seminar... [ERROR] HTTP 429
[924/1207] The Knowledge Society... [ERROR] HTTP 429
[925/1207] The NextGen Leadership Institute... [ERROR] HTTP 429
[926/1207] The World Order — and Where It’s Heading... [ERROR] HTTP 429
[927/1207] THINK Scholars Program... [ERROR] HTTP 429
[928/1207] THINK Summer Institute... [ERROR] HTTP 429
[929/1207] Thinkabit Summer Camp... [ERROR] HTTP 429
[930/1207] Tisch Future Artists... [ERROR] HTTP 429
[931/1207] Toxicology Camp... [ERROR] HTTP 429
[932/1207] Trails AI... [ERROR] HTTP 429
[933/1207] Trapped Ions and Photonics Research... [ERROR] HTTP 429
[934/1207] Tri-Valley Clinical Academy... [ERROR] HTTP 429
[935/1207] Trig-Star Competition... [ERROR] HTTP 429
[936/1207] TRIO Pre-College... [ERROR] HTTP 429
[937/1207] TRIO Upward Bound... [ERROR] HTTP 429
[938/1207] TRIO Upward Bound Math & Science... [ERROR] HTTP 429
[939/1207] TTUHSC... [ERROR] HTTP 429
[940/1207] Tufts University... [ERROR] HTTP 429
[941/1207] Tufts University... [ERROR] HTTP 429
[942/1207] Tufts University... [ERROR] HTTP 429
[943/1207] Tufts University... [ERROR] HTTP 429
[944/1207] Tufts University... [ERROR] HTTP 429
[945/1207] Tufts University... [ERROR] HTTP 429
[946/1207] Tulane University... [ERROR] HTTP 429
[947/1207] Tulane University... [ERROR] HTTP 429
[948/1207] Tulane University... [ERROR] HTTP 429
[949/1207] U.S. Campaigns & Elections Academy... [ERROR] HTTP 429
[950/1207] UAB... [ERROR] HTTP 429
[951/1207] UAB... [ERROR] HTTP 429
[952/1207] UALR... [ERROR] HTTP 429
[953/1207] UC Berkeley... [ERROR] HTTP 429
[954/1207] UCA Cheer Camp... [ERROR] HTTP 429
[955/1207] UChicago Medicine... [ERROR] HTTP 429
[956/1207] UCI... [ERROR] HTTP 429
[957/1207] UCIGATI... [ERROR] HTTP 429
[958/1207] UCLA... [ERROR] HTTP 429
[959/1207] UCLA Health... [ERROR] HTTP 429
[960/1207] UConn... [ERROR] HTTP 429
[961/1207] UConn... [ERROR] HTTP 429
[962/1207] UCR... [ERROR] HTTP 429
[963/1207] UCSB... [ERROR] HTTP 429
[964/1207] UCSD... [ERROR] HTTP 429
[965/1207] UCSF... [ERROR] HTTP 429
[966/1207] UCSF... [ERROR] HTTP 429
[967/1207] UCSF... [ERROR] HTTP 429
[968/1207] UCSF... [ERROR] HTTP 429
[969/1207] UCSF... [ERROR] HTTP 429
[970/1207] UCSF... [ERROR] HTTP 429
[971/1207] UH... [ERROR] HTTP 429
[972/1207] UIC... [ERROR] HTTP 429
[973/1207] UK College of Medicine... [ERROR] HTTP 429
[974/1207] UMass... [ERROR] HTTP 429
[975/1207] UMass Dartmouth... [ERROR] HTTP 429
[976/1207] UMBC... [ERROR] HTTP 429
[977/1207] UMiami Health... [ERROR] HTTP 429
[978/1207] UMKC... [ERROR] HTTP 429
[979/1207] UMKC... [ERROR] HTTP 429
[980/1207] UMKC... [ERROR] HTTP 429
[981/1207] UML Liftoff... [ERROR] HTTP 429
[982/1207] UNCG... [ERROR] HTTP 429
[983/1207] Underwater Robotics Competition... [ERROR] HTTP 429
[984/1207] UNITE... [ERROR] HTTP 429
[985/1207] University at Albany... [ERROR] HTTP 429
[986/1207] University Interscholastic League... [ERROR] HTTP 429
[987/1207] University of Chicago... [ERROR] HTTP 429
[988/1207] University of Chicago... [ERROR] HTTP 429
[989/1207] University of Cincinnati... [ERROR] HTTP 429
[990/1207] University of Colorado Boulder... [ERROR] HTTP 429
[991/1207] University of Colorado Boulder... [ERROR] HTTP 429
[992/1207] University of Colorado Denver... [ERROR] HTTP 429
[993/1207] University of Delaware... [ERROR] HTTP 429
[994/1207] University of Delaware... [ERROR] HTTP 429
[995/1207] University of Denver... [ERROR] HTTP 429
[996/1207] University of Georgia... [ERROR] HTTP 429
[997/1207] University of Kansas... [ERROR] HTTP 429
[998/1207] University of Kentucky... [ERROR] HTTP 429
[999/1207] University of Louisville... [ERROR] HTTP 429
[1000/1207] University of Maine... [ERROR] HTTP 429
[1001/1207] University of Maryland... [ERROR] HTTP 429
[1002/1207] University of Maryland... [ERROR] HTTP 429
[1003/1207] University of Michigan... [ERROR] HTTP 429
[1004/1207] University of Minnesota... [ERROR] HTTP 429
[1005/1207] University of Minnesota... [ERROR] HTTP 429
[1006/1207] University of North Texas... [ERROR] HTTP 429
[1007/1207] University of Notre Dame... [ERROR] HTTP 429
[1008/1207] University of Notre Dame... [ERROR] HTTP 429
[1009/1207] University of Tennessee... [ERROR] HTTP 429
[1010/1207] University of Texas at Dallas... [ERROR] HTTP 429
[1011/1207] University of Utah... [ERROR] HTTP 429
[1012/1207] University of Utah... [ERROR] HTTP 429
[1013/1207] University of Vermont... [ERROR] HTTP 429
[1014/1207] University of Washington... [ERROR] HTTP 429
[1015/1207] University of Washington... [ERROR] HTTP 429
[1016/1207] University of Wisconsin-Madison... [ERROR] HTTP 429
[1017/1207] UNM Health... [ERROR] HTTP 429
[1018/1207] UNR... [ERROR] HTTP 429
[1019/1207] UPRISE... [ERROR] HTTP 429
[1020/1207] Upward Bound... [ERROR] HTTP 429
[1021/1207] Upward Bound... [ERROR] HTTP 429
[1022/1207] Upward Bound Math Science... [ERROR] HTTP 429
[1023/1207] Upward Bound Program... [ERROR] HTTP 429
[1024/1207] Upward Bound Program... [ERROR] HTTP 429
[1025/1207] Urban Journalism Workshop... [ERROR] HTTP 429
[1026/1207] Urban Photography Camp... [ERROR] HTTP 429
[1027/1207] US Academic Decathlon... [ERROR] HTTP 429
[1028/1207] USA BIOlympiad... [ERROR] HTTP 429
[1029/1207] Upward Bound... [ERROR] HTTP 429
[1030/1207] USA Computing Olympiad... [ERROR] HTTP 429
[1031/1207] USAFA... [ERROR] HTTP 429
[1032/1207] USAJMO... [ERROR] HTTP 429
[1033/1207] USAMO... [ERROR] HTTP 429
[1034/1207] USC... [ERROR] HTTP 429
[1035/1207] User Experience Design... [ERROR] HTTP 429
[1036/1207] Using Zebrafish to Study Brain Development Internship... [ERROR] HTTP 429
[1037/1207] UTA... [ERROR] HTTP 429
[1038/1207] Utah Entrepreneur Challenge... [ERROR] HTTP 429
[1039/1207] UTEP... [ERROR] HTTP 429
[1040/1207] UTEP... [ERROR] HTTP 429
[1041/1207] UTEP... [ERROR] HTTP 429
[1042/1207] UTEP... [ERROR] HTTP 429
[1043/1207] UTSA... [ERROR] HTTP 429
[1044/1207] UTSA... [ERROR] HTTP 429
[1045/1207] UW Botanic Gardens... [ERROR] HTTP 429
[1046/1207] UWM... [ERROR] HTTP 429
[1047/1207] UWM... [ERROR] HTTP 429
[1048/1207] UWM... [ERROR] HTTP 429
[1049/1207] Vanderbilt University... [ERROR] HTTP 429
[1050/1207] Vanderbilt University... [ERROR] HTTP 429
[1051/1207] Vanderbilt University... [ERROR] HTTP 429
[1052/1207] Vassar College... [ERROR] HTTP 429
[1053/1207] VCU... [ERROR] HTTP 429
[1054/1207] VCU Health... [ERROR] HTTP 429
[1055/1207] Veterinary Sciences Programs... [ERROR] HTTP 429
[1056/1207] Veterinary Technology... [ERROR] HTTP 429
[1057/1207] Virtual "Processing" Camp... [ERROR] HTTP 429
[1058/1207] Virtual Computational Biology Research... [ERROR] HTTP 429
[1059/1207] Vision for High School Students... [ERROR] HTTP 429
[1060/1207] Visual Arts Summer Institute... [ERROR] HTTP 429
[1061/1207] Voltage Scholars... [ERROR] HTTP 429
[1062/1207] VSGC... [ERROR] HTTP 429
[1063/1207] W. P. Carey School of Business... [ERROR] HTTP 429
[1064/1207] W. P. Carey School of Business... [ERROR] HTTP 429
[1065/1207] W. P. Carey School of Business... [ERROR] HTTP 429
[1066/1207] Wake Forest University... [ERROR] HTTP 429
[1067/1207] Washington & the World Academy... [ERROR] HTTP 429
[1068/1207] Washington University in St. Louis... [ERROR] HTTP 429
[1069/1207] Washington University in St. Louis... [ERROR] HTTP 429
[1070/1207] Washington University in St. Louis... [ERROR] HTTP 429
[1071/1207] Welch Summer Scholar... [ERROR] HTTP 429
[1072/1207] Wharton Investment Competition... [ERROR] HTTP 429
[1073/1207] WIE Aspire Explore Engineering... [ERROR] HTTP 429
[1074/1207] WIE Rise Summer Research... [ERROR] HTTP 429
[1075/1207] William & Mary... [ERROR] HTTP 429
[1076/1207] William & Mary... [ERROR] HTTP 429
[1077/1207] WISE Summer College... [ERROR] HTTP 429
[1078/1207] Women's Technology... [ERROR] HTTP 429
[1079/1207] Woodson Summer Scholars... [ERROR] HTTP 429
[1080/1207] WoodWorks... [ERROR] HTTP 429
[1081/1207] World Historian Student Essay Competition... [ERROR] HTTP 429
[1082/1207] World Wildlife Day Youth Art Contest... [ERROR] HTTP 429
[1083/1207] Writing & Culture... [ERROR] HTTP 429
[1084/1207] Writing Contest... [ERROR] HTTP 429
[1085/1207] Writing Project Summer Camp... [ERROR] HTTP 429
[1086/1207] WVU... [ERROR] HTTP 429
[1087/1207] Yale... [ERROR] HTTP 429
[1088/1207] Yale... [ERROR] HTTP 429
[1089/1207] Yale Global Scholars... [ERROR] HTTP 429
[1090/1207] Yale University... [ERROR] HTTP 429
[1091/1207] Yale University... [ERROR] HTTP 429
[1092/1207] Yale University... [ERROR] HTTP 429
[1093/1207] YCCI Exposures Program... [ERROR] HTTP 429
[1094/1207] YES for CURE... [ERROR] HTTP 429
[1095/1207] Young Executive Scholars Hospitality and Tourism Program... [ERROR] HTTP 429
[1096/1207] Young Innovators Climate Program... [ERROR] HTTP 429
[1097/1207] Young Innovators Program... [ERROR] HTTP 429
[1098/1207] Young Investigators... [ERROR] HTTP 429
[1099/1207] Young Leaders Academy... [ERROR] HTTP 429
[1100/1207] Young Scholars Program... [ERROR] HTTP 429
[1101/1207] Young Scholars Program... [ERROR] HTTP 429
[1102/1207] Young Scholars Research... [ERROR] HTTP 429
[1103/1207] Youth Employment Program... [ERROR] HTTP 429
[1104/1207] Youth Entrepreneurship... [ERROR] HTTP 429
[1105/1207] Youth Exchange Program... [ERROR] HTTP 429
[1106/1207] Youth Leadership Program... [ERROR] HTTP 429
[1107/1207] Youth Science Camp... [ERROR] HTTP 429
[1108/1207] YSP... [ERROR] HTTP 429
[1109/1207] YTI Online... [ERROR] HTTP 429
[1110/1207] Chapter Founder Program... [ERROR] HTTP 429
[1111/1207] Summer Science Program (SSP) — Astrophysics... [ERROR] HTTP 429
[1112/1207] Summer Science Program (SSP) — Biochemistry... [ERROR] HTTP 429
[1113/1207] DECA — Business & Marketing Competitions... [ERROR] HTTP 429
[1114/1207] PRIMES (Program for Research in Mathematics, Engineering, an... [ERROR] HTTP 429
[1115/1207] PROMYS (Program in Mathematics for Young Scientists)... [ERROR] HTTP 429
[1116/1207] Canada/USA Mathcamp... [ERROR] HTTP 429
[1117/1207] Telluride Association Summer Seminar (TASS)... [ERROR] HTTP 429
[1118/1207] NIH High School Summer Internship Program (HSSiP)... [ERROR] HTTP 429
[1119/1207] NASA Internships (High School)... [ERROR] HTTP 429
[1120/1207] Smithsonian Institution Internships... [ERROR] HTTP 429
[1121/1207] Regeneron Science Talent Search (STS)... [ERROR] HTTP 429
[1122/1207] USA Mathematical Olympiad (USAMO)... [ERROR] HTTP 429
[1123/1207] Science Olympiad... [ERROR] HTTP 429
[1124/1207] FBLA (Future Business Leaders of America)... [ERROR] HTTP 429
[1125/1207] HOSA — Future Health Professionals... [ERROR] HTTP 429
[1126/1207] Model United Nations (MUN)... [ERROR] HTTP 429
[1127/1207] National Speech & Debate Association (NSDA) Tournaments... [ERROR] HTTP 429
[1128/1207] MIT PRIMES-USA (Remote Research)... [ERROR] HTTP 429
[1129/1207] Journal of Emerging Investigators (JEI)... [ERROR] HTTP 429
[1130/1207] Concord Review (Journal)... [ERROR] HTTP 429
[1131/1207] Scholastic Art & Writing Awards... [ERROR] HTTP 429
[1132/1207] Junior Science and Humanities Symposia (JSHS)... [ERROR] HTTP 429
[1133/1207] Congressional Award... [ERROR] HTTP 429
[1134/1207] Presidential Volunteer Service Award... [ERROR] HTTP 429
[1135/1207] Duke of Edinburgh's International Award (America)... [ERROR] HTTP 429
[1136/1207] Governor's School Programs... [ERROR] HTTP 429
[1137/1207] National Student Leadership Conference (NSLC)... [ERROR] HTTP 429
[1138/1207] Jack Kent Cooke Young Artist Award... [ERROR] HTTP 429
[1139/1207] Young Arts (National YoungArts Foundation)... [ERROR] HTTP 429
[1140/1207] National History Day (NHD)... [ERROR] HTTP 429
[1141/1207] MIT Launch (Entrepreneurship Summer Program)... [ERROR] HTTP 429
[1142/1207] American Enterprise Institute (AEI) High School Essay Contes... [ERROR] HTTP 429
[1143/1207] Wharton Global High School Investment Competition... [ERROR] HTTP 429
[1144/1207] American Mathematics Competition (AMC 8)... [ERROR] HTTP 429
[1145/1207] Physics Unlimited Premier Competition... [ERROR] HTTP 503
[1146/1207] USA Physics Olympiad (USAPhO)... [ERROR] HTTP 429
[1147/1207] USA Biology Olympiad (USABO)... [ERROR] HTTP 429
[1148/1207] USA Computing Olympiad (USACO)... [ERROR] HTTP 429
[1149/1207] Harvard Secondary School Program (SSP)... [ERROR] HTTP 429
[1150/1207] Stanford Pre-Collegiate Summer Institutes... [ERROR] HTTP 429
[1151/1207] Minority Introduction to Engineering and Science (MITES)... [ERROR] HTTP 429
[1152/1207] Garcia Summer Research Program... [ERROR] HTTP 429
[1153/1207] Genes in Space Competition... [ERROR] HTTP 429
[1154/1207] Jackson Laboratory Summer Student Program... [ERROR] HTTP 429
[1155/1207] Acton Academy Online (Homeschool Entrepreneurship)... [ERROR] HTTP 429
[1156/1207] Breakthrough Junior Challenge... [ERROR] HTTP 429
[1157/1207] Cybersecurity Competition — CyberPatriot... [ERROR] HTTP 429
[1158/1207] MIT Zero Robotics... [ERROR] HTTP 429
[1159/1207] VEX Robotics Competition... [ERROR] HTTP 429
[1160/1207] American Junior Academy of Science (AJAS)... [ERROR] HTTP 429
[1161/1207] Hugh O'Brian Youth Leadership (HOBY)... [ERROR] HTTP 429
[1162/1207] Boys State / Girls State... [ERROR] HTTP 429
[1163/1207] Neuroscience Research Prize (Society for Neuroscience)... [ERROR] HTTP 429
[1164/1207] Toshiba/NSTA ExploraVision... [ERROR] HTTP 429
[1165/1207] Junior Achievement Company Program... [ERROR] HTTP 429
[1166/1207] COSMOS (California Summer School for Math and Science)... [ERROR] HTTP 429
[1167/1207] Appalachian Trail Conservancy Volunteer Programs... [ERROR] HTTP 429
[1168/1207] DoSomething.org Campaigns... [ERROR] HTTP 429
[1169/1207] Conrad Challenge... [ERROR] HTTP 429
[1170/1207] Aspirations in Computing Award (AiC) — NCWIT... [ERROR] HTTP 429
[1171/1207] International Sustainable World Energy Engineering Environme... [ERROR] HTTP 429
[1172/1207] Brave New Voices International Youth Poetry Slam... [ERROR] HTTP 429
[1173/1207] National Science Foundation Research Experiences for Undergr... [ERROR] HTTP 429
[1174/1207] SYCCL... [ERROR] HTTP 429
[1175/1207] Immersive Summer... [ERROR] HTTP 429
[1176/1207] OSU... [ERROR] HTTP 429
[1177/1207] Dartmouth College... [ERROR] HTTP 429
[1178/1207] Unveiling the Sugary Armor of Mycobacterial Cells... [ERROR] HTTP 429
[1179/1207] Visiting Owls... [ERROR] HTTP 429
[1180/1207] Summer Session... [ERROR] HTTP 429
[1181/1207] Business Competition... [ERROR] HTTP 429
[1182/1207] Pre-College... [ERROR] HTTP 429
[1183/1207] CURE Internship... [ERROR] HTTP 429
[1184/1207] High School Internship... [ERROR] HTTP 429
[1185/1207] JROTC Program... [ERROR] HTTP 429
[1186/1207] Threading the Past + Present... [ERROR] HTTP 429
[1187/1207] Missouri S&T... [ERROR] HTTP 429
[1188/1207] The Emerson Prize... [ERROR] HTTP 429
[1189/1207] SARAS... [ERROR] HTTP 429
[1190/1207] Summer Program... [ERROR] HTTP 429
[1191/1207] Stones & Bones Program... [ERROR] HTTP 429
[1192/1207] Research Internships... [ERROR] HTTP 429
[1193/1207] Preparatory Program... [ERROR] HTTP 429
[1194/1207] Scholars Program... [ERROR] HTTP 429
[1195/1207] Summer Journalism Program... [ERROR] HTTP 429
[1196/1207] Summer Internship... [ERROR] HTTP 429
[1197/1207] ExploraVision... [ERROR] HTTP 429
[1198/1207] National Championship Tournament... [ERROR] HTTP 429
[1199/1207] Leadership Institute for Future Teachers... [ERROR] HTTP 429
[1200/1207] UBMS Summer Program... [ERROR] HTTP 429
[1201/1207] XR Through Virtual Worlds... [ERROR] HTTP 429
[1202/1207] Siemens Competition in Math, Science & Technology... [ERROR] HTTP 429
[1203/1207] NYLF Medicine & Healthcare Program... [ERROR] HTTP 429
[1204/1207] Summer Session... [ERROR] HTTP 429
[1205/1207] University of Delaware... [ERROR] HTTP 429
[1206/1207] Vanderbilt University... [ERROR] HTTP 429
[1207/1207] GeMsGetMath@BU... [ERROR] HTTP 429

[SUMMARY] checked: 1207, updated: 609, errors: 598, silent (no-search) checks: 580/1207, cost: $1.2658
[OK] Logged agent_runs id=16.
