[ERROR] Another script using web_search is already running (pid 25048). Remove C:\Users\shama\Documents\wingman\.gemini_web_search.lock manually if you believe this is wrong.
[ERROR] Another script using web_search is already running (pid 25048). Remove C:\Users\shama\Documents\wingman\.gemini_web_search.lock manually if you believe this is wrong.
[ERROR] Another script using web_search is already running (pid 25048). Remove C:\Users\shama\Documents\wingman\.gemini_web_search.lock manually if you believe this is wrong.
[ERROR] Another script using web_search is already running (pid 25048). Remove C:\Users\shama\Documents\wingman\.gemini_web_search.lock manually if you believe this is wrong.
[ERROR] Another script using web_search is already running (pid 25048). Remove C:\Users\shama\Documents\wingman\.gemini_web_search.lock manually if you believe this is wrong.
[ERROR] Another script using web_search is already running (pid 25048). Remove C:\Users\shama\Documents\wingman\.gemini_web_search.lock manually if you believe this is wrong.
[ERROR] Another script using web_search is already running (pid 25048). Remove C:\Users\shama\Documents\wingman\.gemini_web_search.lock manually if you believe this is wrong.
[ERROR] Another script using web_search is already running (pid 25048). Remove C:\Users\shama\Documents\wingman\.gemini_web_search.lock manually if you believe this is wrong.
[ERROR] Another script using web_search is already running (pid 25048). Remove C:\Users\shama\Documents\wingman\.gemini_web_search.lock manually if you believe this is wrong.
[ERROR] Another script using web_search is already running (pid 25048). Remove C:\Users\shama\Documents\wingman\.gemini_web_search.lock manually if you believe this is wrong.
[ERROR] Another script using web_search is already running (pid 25048). Remove C:\Users\shama\Documents\wingman\.gemini_web_search.lock manually if you believe this is wrong.
[ERROR] Another script using web_search is already running (pid 25048). Remove C:\Users\shama\Documents\wingman\.gemini_web_search.lock manually if you believe this is wrong.
[ERROR] Another script using web_search is already running (pid 25048). Remove C:\Users\shama\Documents\wingman\.gemini_web_search.lock manually if you believe this is wrong.
[OK] Fetching all active catalog rows from Supabase...
[OK] 1330 active rows (excluding source='scraper-national-20260820').
[1/1330] North End Makerspace Community Membership and Open House... [ERROR] Another script using web_search is already running (pid 25048). Remove C:\Users\shama\Documents\wingman\.gemini_web_search.lock manually if you believe this is wrong.
[2/1330] Genes In Space... [ERROR] Another script using web_search is already running (pid 25048). Remove C:\Users\shama\Documents\wingman\.gemini_web_search.lock manually if you believe this is wrong.
[3/1330] Shadow Program (Stanford IFSS)... [ERROR] Another script using web_search is already running (pid 25048). Remove C:\Users\shama\Documents\wingman\.gemini_web_search.lock manually if you believe this is wrong.
[4/1330] Early College Credit Program (UW Madison)... [ERROR] Another script using web_search is already running (pid 25048). Remove C:\Users\shama\Documents\wingman\.gemini_web_search.lock manually if you believe this is wrong.
[5/1330] Marine Lab Pre-College... [ERROR] Another script using web_search is already running (pid 25048). Remove C:\Users\shama\Documents\wingman\.gemini_web_search.lock manually if you believe this is wrong.
[6/1330] ACE (Stony Brook)... [ERROR] Another script using web_search is already running (pid 25048). Remove C:\Users\shama\Documents\wingman\.gemini_web_search.lock manually if you believe this is wrong.
[7/1330] American Rocketry Challenge... [ERROR] Another script using web_search is already running (pid 25048). Remove C:\Users\shama\Documents\wingman\.gemini_web_search.lock manually if you believe this is wrong.
[8/1330] American Legion Boys State... [ERROR] Another script using web_search is already running (pid 25048). Remove C:\Users\shama\Documents\wingman\.gemini_web_search.lock manually if you believe this is wrong.
[9/1330] Pre-College (Harvard)... [ERROR] Another script using web_search is already running (pid 25048). Remove C:\Users\shama\Documents\wingman\.gemini_web_search.lock manually if you believe this is wrong.
[10/1330] Secondary School Program... [ERROR] Another script using web_search is already running (pid 25048). Remove C:\Users\shama\Documents\wingman\.gemini_web_search.lock manually if you believe this is wrong.
[11/1330] Anime/Manga Session (UTA)... [ERROR] Another script using web_search is already running (pid 25048). Remove C:\Users\shama\Documents\wingman\.gemini_web_search.lock manually if you believe this is wrong.
[12/1330] Arizona Cancer Center High School Students and Teachers Prog... [ERROR] Another script using web_search is already running (pid 25048). Remove C:\Users\shama\Documents\wingman\.gemini_web_search.lock manually if you believe this is wrong.
[13/1330] CCRI - Land Surface Temperature via Satellite and Remote Sen... [ERROR] Another script using web_search is already running (pid 25048). Remove C:\Users\shama\Documents\wingman\.gemini_web_search.lock manually if you believe this is wrong.
[14/1330] TiE Young Entrepreneurs (TYE) Seattle... 15 field(s) changed, 0 search(es) [SILENT: no search invoked], $0.0012
[15/1330] ASPIRE Scholars Program (UNLV)... 15 field(s) changed, 0 search(es) [SILENT: no search invoked], $0.0013
[16/1330] ASU Cybersecurity Internship... 15 field(s) changed, 0 search(es) [SILENT: no search invoked], $0.0012
[17/1330] ChemiCo (Stemco)... 13 field(s) changed, 0 search(es) [SILENT: no search invoked], $0.0012
[18/1330] Summer Biomedical Internship Program... 14 field(s) changed, 0 search(es) [SILENT: no search invoked], $0.0013
[19/1330] SCENE Program (SCience and ENgineering Experience)... 13 field(s) changed, 0 search(es) [SILENT: no search invoked], $0.0014
[20/1330] Cybersecurity Internship Program... 14 field(s) changed, 0 search(es) [SILENT: no search invoked], $0.0013
[21/1330] Biotech Academy... 15 field(s) changed, 0 search(es) [SILENT: no search invoked], $0.0013
[22/1330] Art Camp: Methods of Making... 15 field(s) changed, 0 search(es) [SILENT: no search invoked], $0.0014
[23/1330] Pathways for Women in Business Leadership... 14 field(s) changed, 0 search(es) [SILENT: no search invoked], $0.0013
[24/1330] BFS Internship... 15 field(s) changed, 0 search(es) [SILENT: no search invoked], $0.0013
[25/1330] BrainYac (Columbia)... 15 field(s) changed, 0 search(es) [SILENT: no search invoked], $0.0013
[26/1330] Bruin Ascent Summer Experience (BASE)... 15 field(s) changed, 0 search(es) [SILENT: no search invoked], $0.0014
[27/1330] Captured in Clay... 10 field(s) changed, 0 search(es) [SILENT: no search invoked], $0.0013
[28/1330] Project Biotech Summer Camp... 14 field(s) changed, 0 search(es) [SILENT: no search invoked], $0.0013
[29/1330] Teen Arts Group (TAG)... 15 field(s) changed, 0 search(es) [SILENT: no search invoked], $0.0014
[30/1330] CCRI - Monitoring and Studying Lakes from Space in a Changin... 15 field(s) changed, 0 search(es) [SILENT: no search invoked], $0.0015
[31/1330] CCRI - SnowEx and Understanding the Role of Snow and Measure... 13 field(s) changed, 0 search(es) [SILENT: no search invoked], $0.0015
[32/1330] Youth Engaged in Science (YES)... 14 field(s) changed, 0 search(es) [SILENT: no search invoked], $0.0014
[33/1330] College-Bound STEM Academy... 14 field(s) changed, 0 search(es) [SILENT: no search invoked], $0.0015
[34/1330] Computer & Data Science Camp... 12 field(s) changed, 0 search(es) [SILENT: no search invoked], $0.0012
[35/1330] Service Scholars... 15 field(s) changed, 0 search(es) [SILENT: no search invoked], $0.0013
[36/1330] Tri-Valley Clinical Academy (Stanford SHVCA)... 15 field(s) changed, 0 search(es) [SILENT: no search invoked], $0.0013
[37/1330] Terrapin Music Camp (UMD)... 13 field(s) changed, 0 search(es) [SILENT: no search invoked], $0.0013
[38/1330] HS Introduction to Architecture... 14 field(s) changed, 0 search(es) [SILENT: no search invoked], $0.0012
[39/1330] Design Discovery Program... 12 field(s) changed, 0 search(es) [SILENT: no search invoked], $0.0011
[40/1330] Summer Promise Program... 15 field(s) changed, 0 search(es) [SILENT: no search invoked], $0.0013
[41/1330] Discover Actuarial Science (UNL)... 15 field(s) changed, 0 search(es) [SILENT: no search invoked], $0.0014
[42/1330] Communications Intern (IALR)... 15 field(s) changed, 0 search(es) [SILENT: no search invoked], $0.0015
[43/1330] Girls Talk Math Camp (UMD)... 14 field(s) changed, 0 search(es) [SILENT: no search invoked], $0.0012
[44/1330] Summer STEM... 15 field(s) changed, 0 search(es) [SILENT: no search invoked], $0.0013
[45/1330] EAOP Pre-College Academy... 15 field(s) changed, 0 search(es) [SILENT: no search invoked], $0.0014
[46/1330] Earth & Mineral Science Exposition (PSU)... 15 field(s) changed, 0 search(es) [SILENT: no search invoked], $0.0014
[47/1330] Emergent Quantum Materials and Technologies (YNS)... 14 field(s) changed, 0 search(es) [SILENT: no search invoked], $0.0014
[48/1330] Engineering Summer Academy... 13 field(s) changed, 0 search(es) [SILENT: no search invoked], $0.0012
[49/1330] EnvironMentors (PSU)... 15 field(s) changed, 0 search(es) [SILENT: no search invoked], $0.0013
[50/1330] ESTEEM/SER-Quest Summer Program... 15 field(s) changed, 0 search(es) [SILENT: no search invoked], $0.0013
[51/1330] Summer Session... 14 field(s) changed, 0 search(es) [SILENT: no search invoked], $0.0012
[52/1330] Creative Career Cohort... 13 field(s) changed, 0 search(es) [SILENT: no search invoked], $0.0013
[53/1330] Ewgis Program (GiS)... 15 field(s) changed, 0 search(es) [SILENT: no search invoked], $0.0013
[54/1330] Space Astronomy Summer Program... 13 field(s) changed, 0 search(es) [SILENT: no search invoked], $0.0014
[55/1330] Cyber Camp... 12 field(s) changed, 0 search(es) [SILENT: no search invoked], $0.0012
[56/1330] STEP Summer Program... 14 field(s) changed, 0 search(es) [SILENT: no search invoked], $0.0013
[57/1330] Forensics Investigators Program... 12 field(s) changed, 0 search(es) [SILENT: no search invoked], $0.0013
[58/1330] Forensic Science Camp (PSU)... 13 field(s) changed, 0 search(es) [SILENT: no search invoked], $0.0013
[59/1330] SciSynth: A Journey Into Scientific Computing... 14 field(s) changed, 0 search(es) [SILENT: no search invoked], $0.0013
[60/1330] Girls in Math (MMaths)... 15 field(s) changed, 0 search(es) [SILENT: no search invoked], $0.0013
[61/1330] Georgia Tech STEM Summer Internship Program... 15 field(s) changed, 0 search(es) [SILENT: no search invoked], $0.0014
[62/1330] Summer Youth Employment Program... 14 field(s) changed, 0 search(es) [SILENT: no search invoked], $0.0012
[63/1330] Summer High School Research Program... 14 field(s) changed, 0 search(es) [SILENT: no search invoked], $0.0014
[64/1330] IPAT Research Program... 11 field(s) changed, 0 search(es) [SILENT: no search invoked], $0.0013
[65/1330] CURIE Academy... 13 field(s) changed, 0 search(es) [SILENT: no search invoked], $0.0014
[66/1330] High School Internship Program... 14 field(s) changed, 0 search(es) [SILENT: no search invoked], $0.0014
[67/1330] High School Research Internship... 15 field(s) changed, 0 search(es) [SILENT: no search invoked], $0.0014
[68/1330] High School Camp (UNL)... 15 field(s) changed, 0 search(es) [SILENT: no search invoked], $0.0014
[69/1330] Circular Innovation Challenge... 15 field(s) changed, 0 search(es) [SILENT: no search invoked], $0.0014
[70/1330] Human Resources Intern (IALR)... 13 field(s) changed, 0 search(es) [SILENT: no search invoked], $0.0016
[71/1330] Horticultural Science Summer Institute... 15 field(s) changed, 0 search(es) [SILENT: no search invoked], $0.0015
[72/1330] Institute of Biomedical Research (Rosetta)... 15 field(s) changed, 2 search(es), $0.0297
[73/1330] Introduction to Logic (Stanford Logic)... 15 field(s) changed, 0 search(es) [SILENT: no search invoked], $0.0012
[74/1330] Introduction to Programming Python (UVA)... 11 field(s) changed, 0 search(es) [SILENT: no search invoked], $0.0012
[75/1330] Joy of Coding... 15 field(s) changed, 0 search(es) [SILENT: no search invoked], $0.0014
[76/1330] Jindal School of Management (Young Scholars Program)... 15 field(s) changed, 0 search(es) [SILENT: no search invoked], $0.0015
[77/1330] Research Cures Cancer Corps (RC3)... 15 field(s) changed, 0 search(es) [SILENT: no search invoked], $0.0014
[78/1330] Junior Science & Humanities Symposium (JSHS)... 15 field(s) changed, 0 search(es) [SILENT: no search invoked], $0.0016
[79/1330] Lincoln Laboratory (MIT Internship)... 15 field(s) changed, 0 search(es) [SILENT: no search invoked], $0.0014
[80/1330] JumpStart Camp... 14 field(s) changed, 0 search(es) [SILENT: no search invoked], $0.0011
[81/1330] Language Summer Academy... 14 field(s) changed, 0 search(es) [SILENT: no search invoked], $0.0012
[82/1330] Marine Science Research Scholars... 13 field(s) changed, 0 search(es) [SILENT: no search invoked], $0.0015
[83/1330] Math Minutes Video Contest... 15 field(s) changed, 0 search(es) [SILENT: no search invoked], $0.0012
[84/1330] Machine Learning Program (Sunrise)... 13 field(s) changed, 1 search(es), $0.0154
[85/1330] Camp Louisville... 12 field(s) changed, 0 search(es) [SILENT: no search invoked], $0.0012
[86/1330] Social Justice Internship... 11 field(s) changed, 0 search(es) [SILENT: no search invoked], $0.0013
[87/1330] Medical and Health Programs... 13 field(s) changed, 0 search(es) [SILENT: no search invoked], $0.0012
[88/1330] Medicine Art and Anatomy... 14 field(s) changed, 0 search(es) [SILENT: no search invoked], $0.0012
[89/1330] Pharmacy Scholars Summer Program... 11 field(s) changed, 0 search(es) [SILENT: no search invoked], $0.0012
[90/1330] China Emerging Leaders... 15 field(s) changed, 0 search(es) [SILENT: no search invoked], $0.0013
[91/1330] Online Research Program (UCI)... 14 field(s) changed, 0 search(es) [SILENT: no search invoked], $0.0013
[92/1330] Future City: Electrifying Your Future... 14 field(s) changed, 0 search(es) [SILENT: no search invoked], $0.0014
[93/1330] SSU Innovation (Verizon Innovative Learning)... 13 field(s) changed, 0 search(es) [SILENT: no search invoked], $0.0014
[94/1330] KEYS Research Internship Program... 15 field(s) changed, 0 search(es) [SILENT: no search invoked], $0.0015
[95/1330] Nash U... 15 field(s) changed, 0 search(es) [SILENT: no search invoked], $0.0012
[96/1330] Life Sciences Research (UCSD)... 14 field(s) changed, 0 search(es) [SILENT: no search invoked], $0.0014
[97/1330] National Security & Intelligence Academy... 12 field(s) changed, 0 search(es) [SILENT: no search invoked], $0.0013
[98/1330] National Summer Transportation Institute (UNLV)... 15 field(s) changed, 0 search(es) [SILENT: no search invoked], $0.0013
[99/1330] Native Education Forum... 15 field(s) changed, 0 search(es) [SILENT: no search invoked], $0.0012
[100/1330] Neuroscape Research Internship (UCSF)... 15 field(s) changed, 0 search(es) [SILENT: no search invoked], $0.0013
[101/1330] Summer Neuroscience Program (SNP)... 15 field(s) changed, 0 search(es) [SILENT: no search invoked], $0.0012
[102/1330] Experience OU... 10 field(s) changed, 0 search(es) [SILENT: no search invoked], $0.0012
[103/1330] ODU (First Star Academy)... 15 field(s) changed, 0 search(es) [SILENT: no search invoked], $0.0012
[104/1330] Research in Engineering Program (DukeREP)... 15 field(s) changed, 0 search(es) [SILENT: no search invoked], $0.0014
[105/1330] Northeastern University Summer Internship (C2C Impact Engine... 14 field(s) changed, 0 search(es) [SILENT: no search invoked], $0.0013
[106/1330] Online Pre-College Programs... 15 field(s) changed, 0 search(es) [SILENT: no search invoked], $0.0013
[107/1330] Oakland University... 14 field(s) changed, 0 search(es) [SILENT: no search invoked], $0.0012
[108/1330] Oakland University... 11 field(s) changed, 0 search(es) [SILENT: no search invoked], $0.0012
[109/1330] OPTIMUS Research Internship... 14 field(s) changed, 0 search(es) [SILENT: no search invoked], $0.0013
[110/1330] OSU... 14 field(s) changed, 0 search(es) [SILENT: no search invoked], $0.0012
[111/1330] OSU... 11 field(s) changed, 0 search(es) [SILENT: no search invoked], $0.0013
[112/1330] OSU... 14 field(s) changed, 0 search(es) [SILENT: no search invoked], $0.0013
[113/1330] OKStars Summer Research Program... 15 field(s) changed, 0 search(es) [SILENT: no search invoked], $0.0013
[114/1330] Pediatrics Internship Program... 15 field(s) changed, 0 search(es) [SILENT: no search invoked], $0.0013
[115/1330] New Jersey Program in Engineering & Technology... 15 field(s) changed, 0 search(es) [SILENT: no search invoked], $0.0016
[116/1330] PennRSSA... 15 field(s) changed, 0 search(es) [SILENT: no search invoked], $0.0013
[117/1330] Physical Therapy Summer Academy... 14 field(s) changed, 0 search(es) [SILENT: no search invoked], $0.0013
[118/1330] POETS... 15 field(s) changed, 0 search(es) [SILENT: no search invoked], $0.0016
[119/1330] Pomona College... 8 field(s) changed, 0 search(es) [SILENT: no search invoked], $0.0012
[120/1330] High School Law Institute... 15 field(s) changed, 0 search(es) [SILENT: no search invoked], $0.0017
[121/1330] Physics Program... 14 field(s) changed, 0 search(es) [SILENT: no search invoked], $0.0015
[122/1330] City of Albany... 15 field(s) changed, 0 search(es) [SILENT: no search invoked], $0.0013
[123/1330] Pre-College... 14 field(s) changed, 0 search(es) [SILENT: no search invoked], $0.0013
[124/1330] Pre-College... 15 field(s) changed, 0 search(es) [SILENT: no search invoked], $0.0016
[125/1330] Pre-College... 15 field(s) changed, 0 search(es) [SILENT: no search invoked], $0.0013
[126/1330] Research Institute Internship... 15 field(s) changed, 0 search(es) [SILENT: no search invoked], $0.0014
[127/1330] Pre-Law and Mock Trial Summer Academy... 14 field(s) changed, 0 search(es) [SILENT: no search invoked], $0.0013
[128/1330] Pre-College... 13 field(s) changed, 0 search(es) [SILENT: no search invoked], $0.0012
[129/1330] Pre-College... 14 field(s) changed, 0 search(es) [SILENT: no search invoked], $0.0013
[130/1330] Precollege Summer Institutes... 14 field(s) changed, 0 search(es) [SILENT: no search invoked], $0.0016
[131/1330] Princeton University... 12 field(s) changed, 0 search(es) [SILENT: no search invoked], $0.0013
[132/1330] Principles of Engineering... [WARN] HTTP 429 (rate limited), retrying once after delay...