[OK] Fetching active + stale/unchecked catalog rows from Supabase...
[OK] 383 row(s) due for a review check (unchecked or >182 days stale).
[1/383] Center for English Language and Orientation Programs... [ERROR] HTTP 429
[2/383] Internship Program... [ERROR] HTTP 429
[3/383] Summer Edge... insufficient_data, 0 search(es) [SILENT: no search invoked], $0.0007 [changed]
[4/383] Summer Engineering... [ERROR] HTTP 429
[5/383] Summer Engineering Experience... [ERROR] HTTP 429
[6/383] Summer Entrepreneurship Program... [ERROR] HTTP 429
[7/383] Summer Experience... [ERROR] HTTP 429
[8/383] Summer Healthcare Experience... [ERROR] HTTP 429
[9/383] Summer Humanities... [ERROR] HTTP 429
[10/383] Summer Humanities and Social Science Program... [ERROR] HTTP 429
[11/383] Summer Immersion Program... [ERROR] HTTP 429
[12/383] Summer Immersion Program... [ERROR] HTTP 429
[13/383] Summer Institute... [ERROR] HTTP 429
[14/383] Summer Intensives... [ERROR] HTTP 429
[15/383] Summer Internship... [ERROR] HTTP 429
[16/383] Summer Internship... [ERROR] HTTP 429
[17/383] Summer Internship Program... [ERROR] HTTP 429
[18/383] Summer Internship Program... [ERROR] HTTP 429
[19/383] Summer Internship Program... [ERROR] HTTP 429
[20/383] Summer Internship Program... [ERROR] HTTP 429
[21/383] Summer Journalism... [ERROR] HTTP 429
[22/383] Summer Journalism Academy... [ERROR] HTTP 429
[23/383] Summer Journalism Program... [ERROR] HTTP 429
[24/383] Summer Journalism Workshop... [ERROR] HTTP 429
[25/383] Summer Language Institute... [ERROR] HTTP 429
[26/383] Summer Language Institute... [ERROR] HTTP 429
[27/383] Summer Learning Academy... [ERROR] HTTP 429
[28/383] Summer Math Program for Young Scholars... [ERROR] HTTP 429
[29/383] Summer Medical Career Program... [ERROR] HTTP 429
[30/383] Summer Music Clinic... [ERROR] HTTP 429
[31/383] Summer Online Program... mixed, 0 search(es) [SILENT: no search invoked], $0.0011 [changed]
[32/383] Summer Pre-College... [ERROR] HTTP 429
[33/383] Summer Pre-College at the UMass Mount Ida Campus... [ERROR] HTTP 429
[34/383] Summer Prep... [ERROR] HTTP 429
[35/383] Summer Preview Program... [ERROR] HTTP 429
[36/383] Summer Program... [ERROR] HTTP 429
[37/383] Summer Program... [ERROR] HTTP 429
[38/383] Summer Program... [ERROR] HTTP 429
[39/383] Summer Program for Verbally and Mathematically Precocious Yo... [ERROR] HTTP 429
[40/383] Summer Research... [ERROR] HTTP 429
[41/383] Summer Research Experience... [ERROR] HTTP 429
[42/383] Summer Research Immersion... [ERROR] HTTP 429
[43/383] Summer Research Internship... [ERROR] HTTP 429
[44/383] Summer Research Program... [ERROR] HTTP 429
[45/383] Summer Research Program... [ERROR] HTTP 429
[46/383] Summer Research Program (SRP)... [ERROR] HTTP 429
[47/383] Summer Research Scholars Program... positive, 0 search(es) [SILENT: no search invoked], $0.0009 [changed]
[48/383] Summer SAIL... [ERROR] HTTP 429
[49/383] Summer Scholar Program... [ERROR] HTTP 429
[50/383] Summer Scholars... [ERROR] HTTP 429
[51/383] Summer Scholars... [ERROR] HTTP 429
[52/383] Summer Scholars... [ERROR] HTTP 429
[53/383] Summer Scholars Program... [ERROR] HTTP 429
[54/383] Summer Scholars Program... [ERROR] HTTP 429
[55/383] Summer Scholars Program... [ERROR] HTTP 429
[56/383] Summer Scholars Research Program... [ERROR] HTTP 429
[57/383] Summer School for Mathematics & Science... [ERROR] HTTP 429
[58/383] Summer Science & Engineering Program... [ERROR] HTTP 429
[59/383] Summer Science Academy... [ERROR] HTTP 429
[60/383] Summer Science Intensive... [ERROR] HTTP 429
[61/383] Summer Science Internship... [ERROR] HTTP 429
[62/383] Summer Science Research Program... [ERROR] HTTP 429
[63/383] Summer Seminar... [ERROR] HTTP 429
[64/383] Summer Session... [ERROR] HTTP 429
[65/383] Summer Session... [ERROR] HTTP 429
[66/383] Summer Session... [ERROR] HTTP 429
[67/383] Summer Session... [ERROR] HTTP 429
[68/383] Summer Session... [ERROR] HTTP 429
[69/383] Summer Session... [ERROR] HTTP 429
[70/383] Summer Session... [ERROR] HTTP 429
[71/383] Summer Session... [ERROR] HTTP 429
[72/383] Summer Session... [ERROR] HTTP 429
[73/383] Summer Session... [ERROR] HTTP 429
[74/383] Summer Session... [ERROR] HTTP 429
[75/383] Summer Session... [ERROR] HTTP 429
[76/383] Summer Session... [ERROR] HTTP 429
[77/383] Summer Session... [ERROR] HTTP 429
[78/383] Summer Session... [ERROR] HTTP 429
[79/383] Summer Session... [ERROR] HTTP 429
[80/383] Summer Session... [ERROR] HTTP 429
[81/383] Summer Session... [ERROR] HTTP 429
[82/383] Summer Session... [ERROR] HTTP 429
[83/383] Summer Sessions... [ERROR] HTTP 429
[84/383] Summer Songwriters Workshop... [ERROR] HTTP 429
[85/383] Summer Springboard... [ERROR] HTTP 429
[86/383] Summer Stem... [ERROR] HTTP 429
[87/383] Summer Stem... [ERROR] HTTP 429
[88/383] Summer Stem Academy... [ERROR] HTTP 429
[89/383] Summer STEM Camp... [ERROR] HTTP 429
[90/383] Summer STEM Internships... [ERROR] HTTP 429
[91/383] Summer STEM Program... [ERROR] HTTP 429
[92/383] Summer Strings... [ERROR] HTTP 429
[93/383] Summer Student Academy... [ERROR] HTTP 429
[94/383] Summer Student Program... [ERROR] HTTP 429
[95/383] Summer Study... [ERROR] HTTP 429
[96/383] Summer Surgery Program... [ERROR] HTTP 429
[97/383] Summer Theatre Institute... [ERROR] HTTP 429
[98/383] Summer Veterinary Experience... [ERROR] HTTP 429
[99/383] Summer Youth Program... [ERROR] HTTP 429
[100/383] Summer@Brown... [ERROR] HTTP 429
[101/383] Summit STEM Programs... [ERROR] HTTP 429
[102/383] Sustainable Energy Engineering... [ERROR] HTTP 429
[103/383] Sustainable Food and the City... [ERROR] HTTP 429
[104/383] SVRA Research and Data Analysis Intern... [ERROR] HTTP 429
[105/383] Swarthmore College... [ERROR] HTTP 429
[106/383] Swarthmore College... [ERROR] HTTP 429
[107/383] Swarthmore College... [ERROR] HTTP 429
[108/383] Swarthmore College... [ERROR] HTTP 429
[109/383] Synthetic Biology Competition... [ERROR] HTTP 429
[110/383] TAMU... [ERROR] HTTP 429
[111/383] TAMU... [ERROR] HTTP 429
[112/383] Tanglewood Institute... [ERROR] HTTP 429
[113/383] Tapia STEM Camps... [ERROR] HTTP 429
[114/383] TASS Summer Seminar... [ERROR] HTTP 429
[115/383] TCNJ... [ERROR] HTTP 429
[116/383] Tech Camp... [ERROR] HTTP 429
[117/383] TechCrafters... [ERROR] HTTP 429
[118/383] Technician Education... [ERROR] HTTP 429
[119/383] Ted R. Lilley CURE Program... [ERROR] HTTP 429
[120/383] Teen Camp: Natural Dyes... [ERROR] HTTP 429
[121/383] Teen Entrepreneurship Challenge... [ERROR] HTTP 429
[122/383] Teen Internship Program... [ERROR] HTTP 429
[123/383] Teen Med Camp... [ERROR] HTTP 429
[124/383] Teen Wellness Connection... [ERROR] HTTP 429
[125/383] Teen Wellness Summit... [ERROR] HTTP 429
[126/383] Terp Young Scholars... [ERROR] HTTP 429
[127/383] Terrapin Music Camp... [ERROR] HTTP 429
[128/383] The Artemis Project... [ERROR] HTTP 429
[129/383] The Cutting-Edge of Biological Discovery... [ERROR] HTTP 429
[130/383] The James Madison Seminar... [ERROR] HTTP 429
[131/383] The Knowledge Society... [ERROR] HTTP 429
[132/383] The NextGen Leadership Institute... [ERROR] HTTP 429
[133/383] The World Order — and Where It’s Heading... [ERROR] HTTP 429
[134/383] THINK Scholars Program... [ERROR] HTTP 429
[135/383] THINK Summer Institute... [ERROR] HTTP 429
[136/383] Thinkabit Summer Camp... [ERROR] HTTP 429
[137/383] Tisch Future Artists... [ERROR] HTTP 429
[138/383] Toxicology Camp... [ERROR] HTTP 429
[139/383] Trails AI... [ERROR] HTTP 429
[140/383] Trapped Ions and Photonics Research... [ERROR] HTTP 429
[141/383] Tri-Valley Clinical Academy... [ERROR] HTTP 429
[142/383] Trig-Star Competition... [ERROR] HTTP 429
[143/383] TRIO Pre-College... [ERROR] HTTP 429
[144/383] TRIO Upward Bound... [ERROR] HTTP 429
[145/383] TRIO Upward Bound Math & Science... [ERROR] HTTP 429
[146/383] TTUHSC... [ERROR] HTTP 429
[147/383] Tufts University... [ERROR] HTTP 429
[148/383] Tufts University... [ERROR] HTTP 429
[149/383] Tufts University... [ERROR] HTTP 429
[150/383] Tufts University... [ERROR] HTTP 429
[151/383] Tufts University... [ERROR] HTTP 429
[152/383] Tufts University... [ERROR] HTTP 429
[153/383] Tulane University... [ERROR] HTTP 429
[154/383] Tulane University... [ERROR] HTTP 429
[155/383] Tulane University... [ERROR] HTTP 429
[156/383] U.S. Campaigns & Elections Academy... [ERROR] HTTP 429
[157/383] UAB... [ERROR] HTTP 429
[158/383] UAB... [ERROR] HTTP 429
[159/383] UALR... [ERROR] HTTP 429
[160/383] UC Berkeley... [ERROR] HTTP 429
[161/383] UCA Cheer Camp... [ERROR] HTTP 429
[162/383] UChicago Medicine... [ERROR] HTTP 429
[163/383] UCI... [ERROR] HTTP 429
[164/383] UCIGATI... [ERROR] HTTP 429
[165/383] UCLA... [ERROR] HTTP 429
[166/383] UCLA Health... [ERROR] HTTP 429
[167/383] UConn... [ERROR] HTTP 429
[168/383] UConn... [ERROR] HTTP 429
[169/383] UCR... [ERROR] HTTP 429
[170/383] UCSB... [ERROR] HTTP 429
[171/383] UCSD... [ERROR] HTTP 429
[172/383] UCSF... [ERROR] HTTP 429
[173/383] UCSF... [ERROR] HTTP 429
[174/383] UCSF... [ERROR] HTTP 429
[175/383] UCSF... [ERROR] HTTP 429
[176/383] UCSF... [ERROR] HTTP 429
[177/383] UCSF... [ERROR] HTTP 429
[178/383] UH... [ERROR] HTTP 429
[179/383] UIC... [ERROR] HTTP 429
[180/383] UK College of Medicine... [ERROR] HTTP 429
[181/383] UMass... [ERROR] HTTP 429
[182/383] UMass Dartmouth... [ERROR] HTTP 429
[183/383] UMBC... [ERROR] HTTP 429
[184/383] UMiami Health... [ERROR] HTTP 429
[185/383] UMKC... [ERROR] HTTP 429
[186/383] UMKC... [ERROR] HTTP 429
[187/383] UMKC... [ERROR] HTTP 429
[188/383] UML Liftoff... [ERROR] HTTP 429
[189/383] UNCG... [ERROR] HTTP 429
[190/383] Underwater Robotics Competition... [ERROR] HTTP 429
[191/383] UNITE... [ERROR] HTTP 429
[192/383] University at Albany... [ERROR] HTTP 429
[193/383] University Interscholastic League... [ERROR] HTTP 429
[194/383] University of Chicago... [ERROR] HTTP 429
[195/383] University of Chicago... [ERROR] HTTP 429
[196/383] University of Cincinnati... [ERROR] HTTP 429
[197/383] University of Colorado Boulder... [ERROR] HTTP 429
[198/383] University of Colorado Boulder... [ERROR] HTTP 429
[199/383] University of Colorado Denver... [ERROR] HTTP 429
[200/383] University of Delaware... [ERROR] HTTP 429
[201/383] University of Delaware... [ERROR] HTTP 429
[202/383] University of Denver... [ERROR] HTTP 429
[203/383] University of Georgia... [ERROR] HTTP 429
[204/383] University of Kansas... [ERROR] HTTP 429
[205/383] University of Kentucky... [ERROR] HTTP 429
[206/383] University of Louisville... [ERROR] HTTP 429
[207/383] University of Maine... [ERROR] HTTP 429
[208/383] University of Maryland... [ERROR] HTTP 429
[209/383] University of Maryland... [ERROR] HTTP 429
[210/383] University of Michigan... [ERROR] HTTP 429
[211/383] University of Minnesota... [ERROR] HTTP 429
[212/383] University of Minnesota... [ERROR] HTTP 429
[213/383] University of North Texas... [ERROR] HTTP 429
[214/383] University of Notre Dame... [ERROR] HTTP 429
[215/383] University of Notre Dame... [ERROR] HTTP 429
[216/383] University of Tennessee... [ERROR] HTTP 429
[217/383] University of Texas at Dallas... [ERROR] HTTP 429
[218/383] University of Utah... [ERROR] HTTP 429
[219/383] University of Utah... [ERROR] HTTP 429
[220/383] University of Vermont... [ERROR] HTTP 429
[221/383] University of Washington... [ERROR] HTTP 429
[222/383] University of Washington... [ERROR] HTTP 429
[223/383] University of Wisconsin-Madison... [ERROR] HTTP 429
[224/383] UNM Health... [ERROR] HTTP 429
[225/383] UNR... [ERROR] HTTP 429
[226/383] UPRISE... [ERROR] HTTP 429
[227/383] Upward Bound... [ERROR] HTTP 429
[228/383] Upward Bound... [ERROR] HTTP 429
[229/383] Upward Bound Math Science... [ERROR] HTTP 429
[230/383] Upward Bound Program... [ERROR] HTTP 429
[231/383] Upward Bound Program... [ERROR] HTTP 429
[232/383] Urban Journalism Workshop... [ERROR] HTTP 429
[233/383] Urban Photography Camp... [ERROR] HTTP 429
[234/383] US Academic Decathlon... [ERROR] HTTP 429
[235/383] USA BIOlympiad... [ERROR] HTTP 429
[236/383] USA Computing Olympiad... [ERROR] HTTP 429
[237/383] USAFA... [ERROR] HTTP 429
[238/383] USAJMO... [ERROR] HTTP 429
[239/383] USAMO... [ERROR] HTTP 429
[240/383] USC... [ERROR] HTTP 429
[241/383] User Experience Design... [ERROR] HTTP 429
[242/383] Using Zebrafish to Study Brain Development Internship... [ERROR] HTTP 429
[243/383] UTA... [ERROR] HTTP 429
[244/383] Utah Entrepreneur Challenge... [ERROR] HTTP 429
[245/383] UTEP... [ERROR] HTTP 429
[246/383] UTEP... [ERROR] HTTP 429
[247/383] UTEP... [ERROR] HTTP 429
[248/383] UTEP... [ERROR] HTTP 429
[249/383] UTSA... [ERROR] HTTP 429
[250/383] UTSA... [ERROR] HTTP 429
[251/383] UW Botanic Gardens... [ERROR] HTTP 429
[252/383] UWM... [ERROR] HTTP 429
[253/383] UWM... [ERROR] HTTP 429
[254/383] UWM... [ERROR] HTTP 429
[255/383] Vanderbilt University... [ERROR] HTTP 429
[256/383] Vanderbilt University... [ERROR] HTTP 429
[257/383] Vanderbilt University... [ERROR] HTTP 429
[258/383] Vassar College... [ERROR] HTTP 429
[259/383] VCU... [ERROR] HTTP 429
[260/383] VCU Health... [ERROR] HTTP 429
[261/383] Veterinary Sciences Programs... [ERROR] HTTP 429
[262/383] Veterinary Technology... [ERROR] HTTP 429
[263/383] Virtual "Processing" Camp... [ERROR] HTTP 429
[264/383] Virtual Computational Biology Research... [ERROR] HTTP 429
[265/383] Vision for High School Students... [ERROR] HTTP 429
[266/383] Visual Arts Summer Institute... [ERROR] HTTP 429
[267/383] Voltage Scholars... [ERROR] HTTP 429
[268/383] VSGC... [ERROR] HTTP 429
[269/383] W. P. Carey School of Business... [ERROR] HTTP 429
[270/383] W. P. Carey School of Business... [ERROR] HTTP 429
[271/383] W. P. Carey School of Business... [ERROR] HTTP 429
[272/383] Wake Forest University... [ERROR] HTTP 429
[273/383] Washington & the World Academy... [ERROR] HTTP 429
[274/383] Washington University in St. Louis... [ERROR] HTTP 429
[275/383] Washington University in St. Louis... [ERROR] HTTP 429
[276/383] Washington University in St. Louis... [ERROR] HTTP 429
[277/383] Welch Summer Scholar... [ERROR] HTTP 429
[278/383] Wharton Investment Competition... [ERROR] HTTP 429
[279/383] WIE Aspire Explore Engineering... [ERROR] HTTP 429
[280/383] WIE Rise Summer Research... [ERROR] HTTP 429
[281/383] William & Mary... [ERROR] HTTP 429
[282/383] William & Mary... [ERROR] HTTP 429
[283/383] WISE Summer College... [ERROR] HTTP 429
[284/383] Women's Technology... [ERROR] HTTP 429
[285/383] Woodson Summer Scholars... [ERROR] HTTP 429
[286/383] WoodWorks... [ERROR] HTTP 429
[287/383] World Historian Student Essay Competition... [ERROR] HTTP 429
[288/383] World Wildlife Day Youth Art Contest... [ERROR] HTTP 429
[289/383] Writing & Culture... [ERROR] HTTP 429
[290/383] Writing Contest... [ERROR] HTTP 429
[291/383] Writing Project Summer Camp... [ERROR] HTTP 429
[292/383] WVU... [ERROR] HTTP 429
[293/383] Yale... [ERROR] HTTP 429
[294/383] Yale... [ERROR] HTTP 429
[295/383] Yale Global Scholars... [ERROR] HTTP 429
[296/383] Yale University... [ERROR] HTTP 429
[297/383] Yale University... [ERROR] HTTP 429
[298/383] Yale University... [ERROR] HTTP 429
[299/383] YCCI Exposures Program... [ERROR] HTTP 429
[300/383] YES for CURE... [ERROR] HTTP 429
[301/383] Young Executive Scholars Hospitality and Tourism Program... [ERROR] HTTP 429
[302/383] Young Innovators Climate Program... [ERROR] HTTP 429
[303/383] Young Innovators Program... [ERROR] HTTP 429
[304/383] Young Investigators... [ERROR] HTTP 429
[305/383] Young Leaders Academy... [ERROR] HTTP 429
[306/383] Young Scholars Program... [ERROR] HTTP 429
[307/383] Young Scholars Program... [ERROR] HTTP 429
[308/383] Young Scholars Research... [ERROR] HTTP 429
[309/383] Youth Employment Program... [ERROR] HTTP 429
[310/383] Youth Entrepreneurship... [ERROR] HTTP 429
[311/383] Youth Exchange Program... [ERROR] HTTP 429
[312/383] Youth Leadership Program... [ERROR] HTTP 429
[313/383] Youth Science Camp... [ERROR] HTTP 429
[314/383] YSP... [ERROR] HTTP 429
[315/383] YTI Online... [ERROR] HTTP 429
[316/383] Chapter Founder Program... [ERROR] HTTP 429
[317/383] Summer Science Program (SSP) — Astrophysics... [ERROR] HTTP 429
[318/383] Summer Science Program (SSP) — Biochemistry... [ERROR] HTTP 429
[319/383] DECA — Business & Marketing Competitions... [ERROR] HTTP 429
[320/383] PRIMES (Program for Research in Mathematics, Engineering, an... [ERROR] HTTP 429
[321/383] PROMYS (Program in Mathematics for Young Scientists)... [ERROR] HTTP 429
[322/383] Canada/USA Mathcamp... [ERROR] HTTP 429
[323/383] Telluride Association Summer Seminar (TASS)... [ERROR] HTTP 429
[324/383] NIH High School Summer Internship Program (HSSiP)... [ERROR] HTTP 429
[325/383] NASA Internships (High School)... [ERROR] HTTP 429
[326/383] Smithsonian Institution Internships... [ERROR] HTTP 429
[327/383] Regeneron Science Talent Search (STS)... [ERROR] HTTP 429
[328/383] USA Mathematical Olympiad (USAMO)... [ERROR] HTTP 429
[329/383] Science Olympiad... [ERROR] HTTP 429
[330/383] FBLA (Future Business Leaders of America)... [ERROR] HTTP 429
[331/383] HOSA — Future Health Professionals... [ERROR] HTTP 429
[332/383] Model United Nations (MUN)... [ERROR] HTTP 429
[333/383] National Speech & Debate Association (NSDA) Tournaments... [ERROR] HTTP 429
[334/383] MIT PRIMES-USA (Remote Research)... [ERROR] HTTP 429
[335/383] Journal of Emerging Investigators (JEI)... [ERROR] HTTP 429
[336/383] Concord Review (Journal)... [ERROR] HTTP 429
[337/383] Scholastic Art & Writing Awards... [ERROR] HTTP 429
[338/383] Junior Science and Humanities Symposia (JSHS)... [ERROR] HTTP 429
[339/383] Congressional Award... [ERROR] HTTP 429
[340/383] Presidential Volunteer Service Award... [ERROR] HTTP 429
[341/383] Duke of Edinburgh's International Award (America)... [ERROR] HTTP 429
[342/383] Governor's School Programs... [ERROR] HTTP 429
[343/383] National Student Leadership Conference (NSLC)... [ERROR] HTTP 429
[344/383] Jack Kent Cooke Young Artist Award... [ERROR] HTTP 429
[345/383] Young Arts (National YoungArts Foundation)... [ERROR] HTTP 429
[346/383] National History Day (NHD)... [ERROR] HTTP 429
[347/383] MIT Launch (Entrepreneurship Summer Program)... [ERROR] HTTP 429
[348/383] American Enterprise Institute (AEI) High School Essay Contes... [ERROR] HTTP 429
[349/383] Wharton Global High School Investment Competition... [ERROR] HTTP 429
[350/383] American Mathematics Competition (AMC 8)... [ERROR] HTTP 429
[351/383] Physics Unlimited Premier Competition... [ERROR] HTTP 429
[352/383] USA Physics Olympiad (USAPhO)... [ERROR] HTTP 429
[353/383] USA Biology Olympiad (USABO)... [ERROR] HTTP 429
[354/383] USA Computing Olympiad (USACO)... [ERROR] HTTP 429
[355/383] Harvard Secondary School Program (SSP)... [ERROR] HTTP 429
[356/383] Stanford Pre-Collegiate Summer Institutes... [ERROR] HTTP 429
[357/383] Minority Introduction to Engineering and Science (MITES)... [ERROR] HTTP 429
[358/383] Garcia Summer Research Program... [ERROR] HTTP 429
[359/383] Genes in Space Competition... [ERROR] HTTP 429
[360/383] Jackson Laboratory Summer Student Program... [ERROR] HTTP 429
[361/383] Acton Academy Online (Homeschool Entrepreneurship)... [ERROR] HTTP 429
[362/383] Breakthrough Junior Challenge... [ERROR] HTTP 429
[363/383] Cybersecurity Competition — CyberPatriot... [ERROR] HTTP 429
[364/383] MIT Zero Robotics... [ERROR] HTTP 429
[365/383] VEX Robotics Competition... [ERROR] HTTP 429
[366/383] American Junior Academy of Science (AJAS)... [ERROR] HTTP 429
[367/383] Hugh O'Brian Youth Leadership (HOBY)... [ERROR] HTTP 429
[368/383] Boys State / Girls State... [ERROR] HTTP 429
[369/383] Neuroscience Research Prize (Society for Neuroscience)... [ERROR] HTTP 429
[370/383] Toshiba/NSTA ExploraVision... [ERROR] HTTP 429
[371/383] Junior Achievement Company Program... [ERROR] HTTP 429
[372/383] COSMOS (California Summer School for Math and Science)... [ERROR] HTTP 429
[373/383] Appalachian Trail Conservancy Volunteer Programs... [ERROR] HTTP 429
[374/383] DoSomething.org Campaigns... [ERROR] HTTP 429
[375/383] Conrad Challenge... [ERROR] HTTP 429
[376/383] Aspirations in Computing Award (AiC) — NCWIT... [ERROR] HTTP 429
[377/383] International Sustainable World Energy Engineering Environme... [ERROR] HTTP 429
[378/383] Brave New Voices International Youth Poetry Slam... [ERROR] HTTP 429
[379/383] National Science Foundation Research Experiences for Undergr... [ERROR] HTTP 429
[380/383] Summer Session... [ERROR] HTTP 429
[381/383] University of Delaware... [ERROR] HTTP 429
[382/383] Vanderbilt University... [ERROR] HTTP 429
[383/383] GeMsGetMath@BU... [ERROR] HTTP 429

[SUMMARY] checked: 383, changed: 3, errors: 380, silent (no-search) checks: 3/383, cost: $0.0027
[OK] Logged agent_runs id=18.
