[OK] Fetching active + stale/unchecked catalog rows from Supabase...
[OK] 380 row(s) due for a review check (unchecked or >182 days stale).
[1/380] Center for English Language and Orientation Programs... [ERROR] HTTP 429
[2/380] Internship Program... positive, 0 search(es) [SILENT: no search invoked], $0.0011 [changed]
[3/380] Summer Engineering... [ERROR] HTTP 429
[4/380] Summer Engineering Experience... insufficient_data, 0 search(es) [SILENT: no search invoked], $0.0007 [changed]
[5/380] Summer Entrepreneurship Program... insufficient_data, 0 search(es) [SILENT: no search invoked], $0.0011 [changed]
[6/380] Summer Experience... [ERROR] HTTP 429
[7/380] Summer Healthcare Experience... [ERROR] HTTP 429
[8/380] Summer Humanities... [ERROR] HTTP 429
[9/380] Summer Humanities and Social Science Program... [ERROR] HTTP 429
[10/380] Summer Immersion Program... [ERROR] HTTP 429
[11/380] Summer Immersion Program... [ERROR] HTTP 429
[12/380] Summer Institute... [ERROR] HTTP 429
[13/380] Summer Intensives... [ERROR] HTTP 429
[14/380] Summer Internship... [ERROR] HTTP 429
[15/380] Summer Internship... [ERROR] HTTP 429
[16/380] Summer Internship Program... [ERROR] HTTP 429
[17/380] Summer Internship Program... [ERROR] HTTP 429
[18/380] Summer Internship Program... [ERROR] HTTP 429
[19/380] Summer Internship Program... [ERROR] HTTP 429
[20/380] Summer Journalism... [ERROR] HTTP 429
[21/380] Summer Journalism Academy... [ERROR] HTTP 429
[22/380] Summer Journalism Program... [ERROR] HTTP 429
[23/380] Summer Journalism Workshop... [ERROR] HTTP 429
[24/380] Summer Language Institute... [ERROR] HTTP 429
[25/380] Summer Language Institute... [ERROR] HTTP 429
[26/380] Summer Learning Academy... [ERROR] HTTP 429
[27/380] Summer Math Program for Young Scholars... [ERROR] HTTP 429
[28/380] Summer Medical Career Program... [ERROR] HTTP 429
[29/380] Summer Music Clinic... [ERROR] HTTP 429
[30/380] Summer Pre-College... [ERROR] HTTP 429
[31/380] Summer Pre-College at the UMass Mount Ida Campus... [ERROR] HTTP 429
[32/380] Summer Prep... [ERROR] HTTP 429
[33/380] Summer Preview Program... [ERROR] HTTP 429
[34/380] Summer Program... [ERROR] HTTP 429
[35/380] Summer Program... [ERROR] HTTP 429
[36/380] Summer Program... [ERROR] HTTP 429
[37/380] Summer Program for Verbally and Mathematically Precocious Yo... [ERROR] HTTP 429
[38/380] Summer Research... [ERROR] HTTP 429
[39/380] Summer Research Experience... [ERROR] HTTP 429
[40/380] Summer Research Immersion... [ERROR] HTTP 429
[41/380] Summer Research Internship... [ERROR] HTTP 429
[42/380] Summer Research Program... [ERROR] HTTP 429
[43/380] Summer Research Program... [ERROR] HTTP 429
[44/380] Summer Research Program (SRP)... [ERROR] HTTP 429
[45/380] Summer SAIL... [ERROR] HTTP 429
[46/380] Summer Scholar Program... [ERROR] HTTP 429
[47/380] Summer Scholars... [ERROR] HTTP 429
[48/380] Summer Scholars... [ERROR] HTTP 429
[49/380] Summer Scholars... [ERROR] HTTP 429
[50/380] Summer Scholars Program... [ERROR] HTTP 429
[51/380] Summer Scholars Program... positive, 0 search(es) [SILENT: no search invoked], $0.0013 [changed]
[52/380] Summer Scholars Program... [ERROR] HTTP 429
[53/380] Summer Scholars Research Program... [ERROR] HTTP 429
[54/380] Summer School for Mathematics & Science... positive, 0 search(es) [SILENT: no search invoked], $0.0011 [changed]
[55/380] Summer Science & Engineering Program... [ERROR] HTTP 429
[56/380] Summer Science Academy... [ERROR] HTTP 429
[57/380] Summer Science Intensive... [ERROR] HTTP 429
[58/380] Summer Science Internship... insufficient_data, 0 search(es) [SILENT: no search invoked], $0.0007 [changed]
[59/380] Summer Science Research Program... [ERROR] HTTP 429
[60/380] Summer Seminar... [ERROR] HTTP 429
[61/380] Summer Session... [ERROR] HTTP 429
[62/380] Summer Session... [ERROR] HTTP 429
[63/380] Summer Session... [ERROR] HTTP 429
[64/380] Summer Session... [ERROR] HTTP 429
[65/380] Summer Session... [ERROR] HTTP 429
[66/380] Summer Session... [ERROR] HTTP 429
[67/380] Summer Session... [ERROR] HTTP 429
[68/380] Summer Session... [ERROR] HTTP 429
[69/380] Summer Session... [ERROR] HTTP 429
[70/380] Summer Session... [ERROR] HTTP 429
[71/380] Summer Session... [ERROR] HTTP 429
[72/380] Summer Session... [ERROR] HTTP 429
[73/380] Summer Session... [ERROR] HTTP 429
[74/380] Summer Session... [ERROR] HTTP 429
[75/380] Summer Session... [ERROR] HTTP 429
[76/380] Summer Session... [ERROR] HTTP 429
[77/380] Summer Session... [ERROR] HTTP 429
[78/380] Summer Session... [ERROR] HTTP 429
[79/380] Summer Session... [ERROR] HTTP 429
[80/380] Summer Sessions... [ERROR] HTTP 429
[81/380] Summer Songwriters Workshop... [ERROR] HTTP 429
[82/380] Summer Springboard... mixed, 0 search(es) [SILENT: no search invoked], $0.0013 [changed]
[83/380] Summer Stem... [ERROR] HTTP 429
[84/380] Summer Stem... [ERROR] HTTP 429
[85/380] Summer Stem Academy... [ERROR] HTTP 429
[86/380] Summer STEM Camp... [ERROR] HTTP 429
[87/380] Summer STEM Internships... [ERROR] HTTP 429
[88/380] Summer STEM Program... [ERROR] HTTP 429
[89/380] Summer Strings... [ERROR] HTTP 429
[90/380] Summer Student Academy... [ERROR] HTTP 429
[91/380] Summer Student Program... [ERROR] HTTP 429
[92/380] Summer Study... [ERROR] HTTP 429
[93/380] Summer Surgery Program... [ERROR] HTTP 429
[94/380] Summer Theatre Institute... [ERROR] HTTP 429
[95/380] Summer Veterinary Experience... [ERROR] HTTP 429
[96/380] Summer Youth Program... [ERROR] HTTP 429
[97/380] Summer@Brown... [ERROR] HTTP 429
[98/380] Summit STEM Programs... [ERROR] HTTP 429
[99/380] Sustainable Energy Engineering... [ERROR] HTTP 429
[100/380] Sustainable Food and the City... [ERROR] HTTP 429
[101/380] SVRA Research and Data Analysis Intern... [ERROR] HTTP 429
[102/380] Swarthmore College... [ERROR] HTTP 429
[103/380] Swarthmore College... [ERROR] HTTP 429
[104/380] Swarthmore College... [ERROR] HTTP 429
[105/380] Swarthmore College... [ERROR] HTTP 429
[106/380] Synthetic Biology Competition... [ERROR] HTTP 429
[107/380] TAMU... [ERROR] HTTP 429
[108/380] TAMU... [ERROR] HTTP 429
[109/380] Tanglewood Institute... [ERROR] HTTP 429
[110/380] Tapia STEM Camps... [ERROR] HTTP 429
[111/380] TASS Summer Seminar... [ERROR] HTTP 429
[112/380] TCNJ... [ERROR] HTTP 429
[113/380] Tech Camp... [ERROR] HTTP 429
[114/380] TechCrafters... [ERROR] HTTP 429
[115/380] Technician Education... [ERROR] HTTP 429
[116/380] Ted R. Lilley CURE Program... [ERROR] HTTP 429
[117/380] Teen Camp: Natural Dyes... [ERROR] HTTP 429
[118/380] Teen Entrepreneurship Challenge... [ERROR] HTTP 429
[119/380] Teen Internship Program... [ERROR] HTTP 429
[120/380] Teen Med Camp... [ERROR] HTTP 429
[121/380] Teen Wellness Connection... [ERROR] HTTP 429
[122/380] Teen Wellness Summit... [ERROR] HTTP 429
[123/380] Terp Young Scholars... [ERROR] HTTP 429
[124/380] Terrapin Music Camp... [ERROR] HTTP 429
[125/380] The Artemis Project... [ERROR] HTTP 429
[126/380] The Cutting-Edge of Biological Discovery... [ERROR] HTTP 429
[127/380] The James Madison Seminar... [ERROR] HTTP 429
[128/380] The Knowledge Society... [ERROR] HTTP 429
[129/380] The NextGen Leadership Institute... [ERROR] HTTP 429
[130/380] The World Order — and Where It’s Heading... [ERROR] HTTP 429
[131/380] THINK Scholars Program... [ERROR] HTTP 429
[132/380] THINK Summer Institute... [ERROR] HTTP 429
[133/380] Thinkabit Summer Camp... [ERROR] HTTP 429
[134/380] Tisch Future Artists... [ERROR] HTTP 429
[135/380] Toxicology Camp... [ERROR] HTTP 429
[136/380] Trails AI... [ERROR] HTTP 429
[137/380] Trapped Ions and Photonics Research... [ERROR] HTTP 429
[138/380] Tri-Valley Clinical Academy... [ERROR] HTTP 429
[139/380] Trig-Star Competition... [ERROR] HTTP 429
[140/380] TRIO Pre-College... [ERROR] HTTP 429
[141/380] TRIO Upward Bound... [ERROR] HTTP 429
[142/380] TRIO Upward Bound Math & Science... [ERROR] HTTP 429
[143/380] TTUHSC... [ERROR] HTTP 429
[144/380] Tufts University... [ERROR] HTTP 429
[145/380] Tufts University... [ERROR] HTTP 429
[146/380] Tufts University... [ERROR] HTTP 429
[147/380] Tufts University... [ERROR] HTTP 429
[148/380] Tufts University... [ERROR] HTTP 429
[149/380] Tufts University... [ERROR] HTTP 429
[150/380] Tulane University... [ERROR] HTTP 429
[151/380] Tulane University... [ERROR] HTTP 429
[152/380] Tulane University... [ERROR] HTTP 429
[153/380] U.S. Campaigns & Elections Academy... [ERROR] HTTP 429
[154/380] UAB... [ERROR] HTTP 429
[155/380] UAB... [ERROR] HTTP 429
[156/380] UALR... [ERROR] HTTP 429
[157/380] UC Berkeley... [ERROR] HTTP 429
[158/380] UCA Cheer Camp... [ERROR] HTTP 429
[159/380] UChicago Medicine... [ERROR] HTTP 429
[160/380] UCI... [ERROR] HTTP 429
[161/380] UCIGATI... [ERROR] HTTP 429
[162/380] UCLA... [ERROR] HTTP 429
[163/380] UCLA Health... [ERROR] HTTP 429
[164/380] UConn... [ERROR] HTTP 429
[165/380] UConn... [ERROR] HTTP 429
[166/380] UCR... [ERROR] HTTP 429
[167/380] UCSB... [ERROR] HTTP 429
[168/380] UCSD... [ERROR] HTTP 429
[169/380] UCSF... [ERROR] HTTP 429
[170/380] UCSF... [ERROR] HTTP 429
[171/380] UCSF... [ERROR] HTTP 429
[172/380] UCSF... [ERROR] HTTP 429
[173/380] UCSF... [ERROR] HTTP 429
[174/380] UCSF... [ERROR] HTTP 429
[175/380] UH... [ERROR] HTTP 429
[176/380] UIC... [ERROR] HTTP 429
[177/380] UK College of Medicine... [ERROR] HTTP 429
[178/380] UMass... [ERROR] HTTP 429
[179/380] UMass Dartmouth... [ERROR] HTTP 429
[180/380] UMBC... [ERROR] HTTP 429
[181/380] UMiami Health... [ERROR] HTTP 429
[182/380] UMKC... [ERROR] HTTP 429
[183/380] UMKC... [ERROR] HTTP 429
[184/380] UMKC... [ERROR] HTTP 429
[185/380] UML Liftoff... [ERROR] HTTP 429
[186/380] UNCG... [ERROR] HTTP 429
[187/380] Underwater Robotics Competition... [ERROR] HTTP 429
[188/380] UNITE... [ERROR] HTTP 429
[189/380] University at Albany... [ERROR] HTTP 429
[190/380] University Interscholastic League... [ERROR] HTTP 429
[191/380] University of Chicago... [ERROR] HTTP 429
[192/380] University of Chicago... [ERROR] HTTP 429
[193/380] University of Cincinnati... [ERROR] HTTP 429
[194/380] University of Colorado Boulder... [ERROR] HTTP 429
[195/380] University of Colorado Boulder... [ERROR] HTTP 429
[196/380] University of Colorado Denver... [ERROR] HTTP 429
[197/380] University of Delaware... [ERROR] HTTP 429
[198/380] University of Delaware... [ERROR] HTTP 429
[199/380] University of Denver... [ERROR] HTTP 429
[200/380] University of Georgia... [ERROR] HTTP 429
[201/380] University of Kansas... [ERROR] HTTP 429
[202/380] University of Kentucky... [ERROR] HTTP 429
[203/380] University of Louisville... [ERROR] HTTP 429
[204/380] University of Maine... [ERROR] HTTP 429
[205/380] University of Maryland... [ERROR] HTTP 429
[206/380] University of Maryland... [ERROR] HTTP 429
[207/380] University of Michigan... [ERROR] HTTP 429
[208/380] University of Minnesota... [ERROR] HTTP 429
[209/380] University of Minnesota... [ERROR] HTTP 429
[210/380] University of North Texas... [ERROR] HTTP 429
[211/380] University of Notre Dame... [ERROR] HTTP 429
[212/380] University of Notre Dame... [ERROR] HTTP 429
[213/380] University of Tennessee... [ERROR] HTTP 429
[214/380] University of Texas at Dallas... [ERROR] HTTP 429
[215/380] University of Utah... [ERROR] HTTP 429
[216/380] University of Utah... [ERROR] HTTP 429
[217/380] University of Vermont... [ERROR] HTTP 429
[218/380] University of Washington... [ERROR] HTTP 429
[219/380] University of Washington... [ERROR] HTTP 429
[220/380] University of Wisconsin-Madison... [ERROR] HTTP 429
[221/380] UNM Health... [ERROR] HTTP 429
[222/380] UNR... [ERROR] HTTP 429
[223/380] UPRISE... [ERROR] HTTP 429
[224/380] Upward Bound... [ERROR] HTTP 429
[225/380] Upward Bound... [ERROR] HTTP 429
[226/380] Upward Bound Math Science... [ERROR] HTTP 429
[227/380] Upward Bound Program... [ERROR] HTTP 429
[228/380] Upward Bound Program... [ERROR] HTTP 429
[229/380] Urban Journalism Workshop... [ERROR] HTTP 429
[230/380] Urban Photography Camp... [ERROR] HTTP 429
[231/380] US Academic Decathlon... [ERROR] HTTP 429
[232/380] USA BIOlympiad... [ERROR] HTTP 429
[233/380] USA Computing Olympiad... [ERROR] HTTP 429
[234/380] USAFA... [ERROR] HTTP 429
[235/380] USAJMO... [ERROR] HTTP 429
[236/380] USAMO... [ERROR] HTTP 429
[237/380] USC... [ERROR] HTTP 429
[238/380] User Experience Design... [ERROR] HTTP 429
[239/380] Using Zebrafish to Study Brain Development Internship... [ERROR] HTTP 429
[240/380] UTA... [ERROR] HTTP 429
[241/380] Utah Entrepreneur Challenge... [ERROR] HTTP 429
[242/380] UTEP... [ERROR] HTTP 429
[243/380] UTEP... [ERROR] HTTP 429
[244/380] UTEP... [ERROR] HTTP 429
[245/380] UTEP... [ERROR] HTTP 429
[246/380] UTSA... [ERROR] HTTP 429
[247/380] UTSA... [ERROR] HTTP 429
[248/380] UW Botanic Gardens... [ERROR] HTTP 429
[249/380] UWM... [ERROR] HTTP 429
[250/380] UWM... [ERROR] HTTP 429
[251/380] UWM... [ERROR] HTTP 429
[252/380] Vanderbilt University... [ERROR] HTTP 429
[253/380] Vanderbilt University... [ERROR] HTTP 429
[254/380] Vanderbilt University... [ERROR] HTTP 429
[255/380] Vassar College... [ERROR] HTTP 429
[256/380] VCU... [ERROR] HTTP 429
[257/380] VCU Health... [ERROR] HTTP 429
[258/380] Veterinary Sciences Programs... [ERROR] HTTP 429
[259/380] Veterinary Technology... [ERROR] HTTP 429
[260/380] Virtual "Processing" Camp... [ERROR] HTTP 429
[261/380] Virtual Computational Biology Research... [ERROR] HTTP 429
[262/380] Vision for High School Students... [ERROR] HTTP 429
[263/380] Visual Arts Summer Institute... [ERROR] HTTP 429
[264/380] Voltage Scholars... [ERROR] HTTP 429
[265/380] VSGC... [ERROR] HTTP 429
[266/380] W. P. Carey School of Business... [ERROR] HTTP 429
[267/380] W. P. Carey School of Business... [ERROR] HTTP 429
[268/380] W. P. Carey School of Business... [ERROR] HTTP 429
[269/380] Wake Forest University... [ERROR] HTTP 429
[270/380] Washington & the World Academy... [ERROR] HTTP 429
[271/380] Washington University in St. Louis... [ERROR] HTTP 429
[272/380] Washington University in St. Louis... [ERROR] HTTP 429
[273/380] Washington University in St. Louis... [ERROR] HTTP 429
[274/380] Welch Summer Scholar... [ERROR] HTTP 429
[275/380] Wharton Investment Competition... [ERROR] HTTP 429
[276/380] WIE Aspire Explore Engineering... [ERROR] HTTP 429
[277/380] WIE Rise Summer Research... [ERROR] HTTP 429
[278/380] William & Mary... [ERROR] HTTP 429
[279/380] William & Mary... [ERROR] HTTP 429
[280/380] WISE Summer College... [ERROR] HTTP 429
[281/380] Women's Technology... [ERROR] HTTP 429
[282/380] Woodson Summer Scholars... [ERROR] HTTP 429
[283/380] WoodWorks... [ERROR] HTTP 429
[284/380] World Historian Student Essay Competition... [ERROR] HTTP 429
[285/380] World Wildlife Day Youth Art Contest... [ERROR] HTTP 429
[286/380] Writing & Culture... [ERROR] HTTP 429
[287/380] Writing Contest... [ERROR] HTTP 429
[288/380] Writing Project Summer Camp... [ERROR] HTTP 429
[289/380] WVU... [ERROR] HTTP 429
[290/380] Yale... [ERROR] HTTP 429
[291/380] Yale... [ERROR] HTTP 429
[292/380] Yale Global Scholars... [ERROR] HTTP 429
[293/380] Yale University... [ERROR] HTTP 429
[294/380] Yale University... [ERROR] HTTP 429
[295/380] Yale University... [ERROR] HTTP 429
[296/380] YCCI Exposures Program... [ERROR] HTTP 429
[297/380] YES for CURE... [ERROR] HTTP 429
[298/380] Young Executive Scholars Hospitality and Tourism Program... [ERROR] HTTP 429
[299/380] Young Innovators Climate Program... [ERROR] HTTP 429
[300/380] Young Innovators Program... [ERROR] HTTP 429
[301/380] Young Investigators... [ERROR] HTTP 429
[302/380] Young Leaders Academy... [ERROR] HTTP 429
[303/380] Young Scholars Program... [ERROR] HTTP 429
[304/380] Young Scholars Program... [ERROR] HTTP 429
[305/380] Young Scholars Research... [ERROR] HTTP 429
[306/380] Youth Employment Program... [ERROR] HTTP 429
[307/380] Youth Entrepreneurship... [ERROR] HTTP 429
[308/380] Youth Exchange Program... [ERROR] HTTP 429
[309/380] Youth Leadership Program... [ERROR] HTTP 429
[310/380] Youth Science Camp... [ERROR] HTTP 429
[311/380] YSP... [ERROR] HTTP 429
[312/380] YTI Online... [ERROR] HTTP 429
[313/380] Chapter Founder Program... [ERROR] HTTP 429
[314/380] Summer Science Program (SSP) — Astrophysics... [ERROR] HTTP 429
[315/380] Summer Science Program (SSP) — Biochemistry... [ERROR] HTTP 429
[316/380] DECA — Business & Marketing Competitions... [ERROR] HTTP 429
[317/380] PRIMES (Program for Research in Mathematics, Engineering, an... [ERROR] HTTP 429
[318/380] PROMYS (Program in Mathematics for Young Scientists)... [ERROR] HTTP 429
[319/380] Canada/USA Mathcamp... [ERROR] HTTP 429
[320/380] Telluride Association Summer Seminar (TASS)... [ERROR] HTTP 429
[321/380] NIH High School Summer Internship Program (HSSiP)... [ERROR] HTTP 429
[322/380] NASA Internships (High School)... [ERROR] HTTP 429
[323/380] Smithsonian Institution Internships... [ERROR] HTTP 429
[324/380] Regeneron Science Talent Search (STS)... [ERROR] HTTP 429
[325/380] USA Mathematical Olympiad (USAMO)... [ERROR] HTTP 429
[326/380] Science Olympiad... [ERROR] HTTP 429
[327/380] FBLA (Future Business Leaders of America)... [ERROR] HTTP 429
[328/380] HOSA — Future Health Professionals... [ERROR] HTTP 429
[329/380] Model United Nations (MUN)... [ERROR] HTTP 429
[330/380] National Speech & Debate Association (NSDA) Tournaments... [ERROR] HTTP 429
[331/380] MIT PRIMES-USA (Remote Research)... [ERROR] HTTP 429
[332/380] Journal of Emerging Investigators (JEI)... [ERROR] HTTP 429
[333/380] Concord Review (Journal)... [ERROR] HTTP 429
[334/380] Scholastic Art & Writing Awards... [ERROR] HTTP 429
[335/380] Junior Science and Humanities Symposia (JSHS)... [ERROR] HTTP 429
[336/380] Congressional Award... [ERROR] HTTP 429
[337/380] Presidential Volunteer Service Award... [ERROR] HTTP 429
[338/380] Duke of Edinburgh's International Award (America)... [ERROR] HTTP 429
[339/380] Governor's School Programs... [ERROR] HTTP 429
[340/380] National Student Leadership Conference (NSLC)... [ERROR] HTTP 429
[341/380] Jack Kent Cooke Young Artist Award... [ERROR] HTTP 429
[342/380] Young Arts (National YoungArts Foundation)... [ERROR] HTTP 429
[343/380] National History Day (NHD)... [ERROR] HTTP 429
[344/380] MIT Launch (Entrepreneurship Summer Program)... [ERROR] HTTP 429
[345/380] American Enterprise Institute (AEI) High School Essay Contes... [ERROR] HTTP 429
[346/380] Wharton Global High School Investment Competition... [ERROR] HTTP 429
[347/380] American Mathematics Competition (AMC 8)... [ERROR] HTTP 429
[348/380] Physics Unlimited Premier Competition... [ERROR] HTTP 429
[349/380] USA Physics Olympiad (USAPhO)... [ERROR] HTTP 429
[350/380] USA Biology Olympiad (USABO)... [ERROR] HTTP 429
[351/380] USA Computing Olympiad (USACO)... [ERROR] HTTP 429
[352/380] Harvard Secondary School Program (SSP)... [ERROR] HTTP 429
[353/380] Stanford Pre-Collegiate Summer Institutes... [ERROR] HTTP 429
[354/380] Minority Introduction to Engineering and Science (MITES)... [ERROR] HTTP 429
[355/380] Garcia Summer Research Program... [ERROR] HTTP 429
[356/380] Genes in Space Competition... [ERROR] HTTP 429
[357/380] Jackson Laboratory Summer Student Program... [ERROR] HTTP 429
[358/380] Acton Academy Online (Homeschool Entrepreneurship)... [ERROR] HTTP 429
[359/380] Breakthrough Junior Challenge... [ERROR] HTTP 429
[360/380] Cybersecurity Competition — CyberPatriot... [ERROR] HTTP 429
[361/380] MIT Zero Robotics... [ERROR] HTTP 429
[362/380] VEX Robotics Competition... [ERROR] HTTP 429
[363/380] American Junior Academy of Science (AJAS)... [ERROR] HTTP 429
[364/380] Hugh O'Brian Youth Leadership (HOBY)... [ERROR] HTTP 429
[365/380] Boys State / Girls State... [ERROR] HTTP 429
[366/380] Neuroscience Research Prize (Society for Neuroscience)... [ERROR] HTTP 429
[367/380] Toshiba/NSTA ExploraVision... [ERROR] HTTP 429
[368/380] Junior Achievement Company Program... [ERROR] HTTP 429
[369/380] COSMOS (California Summer School for Math and Science)... [ERROR] HTTP 429
[370/380] Appalachian Trail Conservancy Volunteer Programs... [ERROR] HTTP 429
[371/380] DoSomething.org Campaigns... [ERROR] HTTP 429
[372/380] Conrad Challenge... [ERROR] HTTP 429
[373/380] Aspirations in Computing Award (AiC) — NCWIT... [ERROR] HTTP 429
[374/380] International Sustainable World Energy Engineering Environme... [ERROR] HTTP 429
[375/380] Brave New Voices International Youth Poetry Slam... [ERROR] HTTP 429
[376/380] National Science Foundation Research Experiences for Undergr... [ERROR] HTTP 429
[377/380] Summer Session... [ERROR] HTTP 429
[378/380] University of Delaware... [ERROR] HTTP 429
[379/380] Vanderbilt University... [ERROR] HTTP 429
[380/380] GeMsGetMath@BU... [ERROR] HTTP 429

[SUMMARY] checked: 380, changed: 7, errors: 373, silent (no-search) checks: 7/380, cost: $0.0073
[OK] Logged agent_runs id=19.
